Command line invocation:
    /Applications/Xcode.app/Contents/Developer/usr/bin/xcodebuild build -scheme TigeHealthScope -destination "platform=iOS Simulator,name=iPhone 16,OS=18.3.1"

2026-01-24 19:52:08.299 xcodebuild[75681:4415278] [MT] IDERunDestination: Supported platforms for the buildables in the current scheme is empty.
--- xcodebuild: WARNING: Using the first of multiple matching destinations:
{ platform:iOS Simulator, arch:arm64, id:943C7CB8-40A6-49D2-BC47-A2BC5C2B2561, OS:18.3.1, name:iPhone 16 }
{ platform:iOS Simulator, arch:x86_64, id:943C7CB8-40A6-49D2-BC47-A2BC5C2B2561, OS:18.3.1, name:iPhone 16 }
ComputePackagePrebuildTargetDependencyGraph

Prepare packages

CreateBuildRequest

SendProjectDescription

CreateBuildOperation

ComputeTargetDependencyGraph
note: Building targets in dependency order
note: Target dependency graph (1 target)
    Target 'TigeHealthScope' in project 'TigeHealthScope' (no dependencies)

GatherProvisioningInputs

CreateBuildDescription

ExecuteExternalTool /Applications/Xcode.app/Contents/Developer/Toolchains/XcodeDefault.xctoolchain/usr/bin/clang -v -E -dM -isysroot /Applications/Xcode.app/Contents/Developer/Platforms/iPhoneSimulator.platform/Developer/SDKs/iPhoneSimulator26.2.sdk -x c -c /dev/null

ExecuteExternalTool /Applications/Xcode.app/Contents/Developer/usr/bin/actool --print-asset-tag-combinations --output-format xml1 /Users/simonbakhanets/IdeaProjects/TigeHealthScope/TigeHealthScope/Assets.xcassets

ExecuteExternalTool /Applications/Xcode.app/Contents/Developer/usr/bin/actool --version --output-format xml1

ExecuteExternalTool /Applications/Xcode.app/Contents/Developer/Toolchains/XcodeDefault.xctoolchain/usr/bin/swiftc --version

ExecuteExternalTool /Applications/Xcode.app/Contents/Developer/Toolchains/XcodeDefault.xctoolchain/usr/bin/ld -version_details

Build description signature: 12086391b09d1402d591eb177e43d839
Build description path: /Users/simonbakhanets/Library/Developer/Xcode/DerivedData/TigeHealthScope-clrlzxmelccmzsgnwqzvruwgpxod/Build/Intermediates.noindex/XCBuildData/12086391b09d1402d591eb177e43d839.xcbuilddata
ClangStatCache /Applications/Xcode.app/Contents/Developer/Toolchains/XcodeDefault.xctoolchain/usr/bin/clang-stat-cache /Applications/Xcode.app/Contents/Developer/Platforms/iPhoneSimulator.platform/Developer/SDKs/iPhoneSimulator26.2.sdk /Users/simonbakhanets/Library/Developer/Xcode/DerivedData/SDKStatCaches.noindex/iphonesimulator26.2-23C53-7d00a8b37fbd7999ea79df8ebc024bf0.sdkstatcache
    cd /Users/simonbakhanets/IdeaProjects/TigeHealthScope/TigeHealthScope.xcodeproj
    /Applications/Xcode.app/Contents/Developer/Toolchains/XcodeDefault.xctoolchain/usr/bin/clang-stat-cache /Applications/Xcode.app/Contents/Developer/Platforms/iPhoneSimulator.platform/Developer/SDKs/iPhoneSimulator26.2.sdk -o /Users/simonbakhanets/Library/Developer/Xcode/DerivedData/SDKStatCaches.noindex/iphonesimulator26.2-23C53-7d00a8b37fbd7999ea79df8ebc024bf0.sdkstatcache

CreateBuildDirectory /Users/simonbakhanets/Library/Developer/Xcode/DerivedData/TigeHealthScope-clrlzxmelccmzsgnwqzvruwgpxod/Build/Products/Debug-iphonesimulator
    cd /Users/simonbakhanets/IdeaProjects/TigeHealthScope/TigeHealthScope.xcodeproj
    builtin-create-build-directory /Users/simonbakhanets/Library/Developer/Xcode/DerivedData/TigeHealthScope-clrlzxmelccmzsgnwqzvruwgpxod/Build/Products/Debug-iphonesimulator

CreateBuildDirectory /Users/simonbakhanets/Library/Developer/Xcode/DerivedData/TigeHealthScope-clrlzxmelccmzsgnwqzvruwgpxod/Build/Intermediates.noindex/EagerLinkingTBDs/Debug-iphonesimulator
    cd /Users/simonbakhanets/IdeaProjects/TigeHealthScope/TigeHealthScope.xcodeproj
    builtin-create-build-directory /Users/simonbakhanets/Library/Developer/Xcode/DerivedData/TigeHealthScope-clrlzxmelccmzsgnwqzvruwgpxod/Build/Intermediates.noindex/EagerLinkingTBDs/Debug-iphonesimulator

WriteAuxiliaryFile /Users/simonbakhanets/Library/Developer/Xcode/DerivedData/TigeHealthScope-clrlzxmelccmzsgnwqzvruwgpxod/Build/Intermediates.noindex/TigeHealthScope.build/Debug-iphonesimulator/TigeHealthScope-32905924b758e87a8e4806e265664072-VFS-iphonesimulator/all-product-headers.yaml
    cd /Users/simonbakhanets/IdeaProjects/TigeHealthScope/TigeHealthScope.xcodeproj
    write-file /Users/simonbakhanets/Library/Developer/Xcode/DerivedData/TigeHealthScope-clrlzxmelccmzsgnwqzvruwgpxod/Build/Intermediates.noindex/TigeHealthScope.build/Debug-iphonesimulator/TigeHealthScope-32905924b758e87a8e4806e265664072-VFS-iphonesimulator/all-product-headers.yaml

WriteAuxiliaryFile /Users/simonbakhanets/Library/Developer/Xcode/DerivedData/TigeHealthScope-clrlzxmelccmzsgnwqzvruwgpxod/Build/Intermediates.noindex/TigeHealthScope.build/Debug-iphonesimulator/TigeHealthScope.build/TigeHealthScope.DependencyStaticMetadataFileList (in target 'TigeHealthScope' from project 'TigeHealthScope')
    cd /Users/simonbakhanets/IdeaProjects/TigeHealthScope
    write-file /Users/simonbakhanets/Library/Developer/Xcode/DerivedData/TigeHealthScope-clrlzxmelccmzsgnwqzvruwgpxod/Build/Intermediates.noindex/TigeHealthScope.build/Debug-iphonesimulator/TigeHealthScope.build/TigeHealthScope.DependencyStaticMetadataFileList

WriteAuxiliaryFile /Users/simonbakhanets/Library/Developer/Xcode/DerivedData/TigeHealthScope-clrlzxmelccmzsgnwqzvruwgpxod/Build/Intermediates.noindex/TigeHealthScope.build/Debug-iphonesimulator/TigeHealthScope.build/TigeHealthScope.hmap (in target 'TigeHealthScope' from project 'TigeHealthScope')
    cd /Users/simonbakhanets/IdeaProjects/TigeHealthScope
    write-file /Users/simonbakhanets/Library/Developer/Xcode/DerivedData/TigeHealthScope-clrlzxmelccmzsgnwqzvruwgpxod/Build/Intermediates.noindex/TigeHealthScope.build/Debug-iphonesimulator/TigeHealthScope.build/TigeHealthScope.hmap

WriteAuxiliaryFile /Users/simonbakhanets/Library/Developer/Xcode/DerivedData/TigeHealthScope-clrlzxmelccmzsgnwqzvruwgpxod/Build/Intermediates.noindex/TigeHealthScope.build/Debug-iphonesimulator/TigeHealthScope.build/TigeHealthScope-own-target-headers.hmap (in target 'TigeHealthScope' from project 'TigeHealthScope')
    cd /Users/simonbakhanets/IdeaProjects/TigeHealthScope
    write-file /Users/simonbakhanets/Library/Developer/Xcode/DerivedData/TigeHealthScope-clrlzxmelccmzsgnwqzvruwgpxod/Build/Intermediates.noindex/TigeHealthScope.build/Debug-iphonesimulator/TigeHealthScope.build/TigeHealthScope-own-target-headers.hmap

WriteAuxiliaryFile /Users/simonbakhanets/Library/Developer/Xcode/DerivedData/TigeHealthScope-clrlzxmelccmzsgnwqzvruwgpxod/Build/Intermediates.noindex/TigeHealthScope.build/Debug-iphonesimulator/TigeHealthScope.build/empty-TigeHealthScope.plist (in target 'TigeHealthScope' from project 'TigeHealthScope')
    cd /Users/simonbakhanets/IdeaProjects/TigeHealthScope
    write-file /Users/simonbakhanets/Library/Developer/Xcode/DerivedData/TigeHealthScope-clrlzxmelccmzsgnwqzvruwgpxod/Build/Intermediates.noindex/TigeHealthScope.build/Debug-iphonesimulator/TigeHealthScope.build/empty-TigeHealthScope.plist

WriteAuxiliaryFile /Users/simonbakhanets/Library/Developer/Xcode/DerivedData/TigeHealthScope-clrlzxmelccmzsgnwqzvruwgpxod/Build/Intermediates.noindex/TigeHealthScope.build/Debug-iphonesimulator/TigeHealthScope.build/TigeHealthScope-project-headers.hmap (in target 'TigeHealthScope' from project 'TigeHealthScope')
    cd /Users/simonbakhanets/IdeaProjects/TigeHealthScope
    write-file /Users/simonbakhanets/Library/Developer/Xcode/DerivedData/TigeHealthScope-clrlzxmelccmzsgnwqzvruwgpxod/Build/Intermediates.noindex/TigeHealthScope.build/Debug-iphonesimulator/TigeHealthScope.build/TigeHealthScope-project-headers.hmap

WriteAuxiliaryFile /Users/simonbakhanets/Library/Developer/Xcode/DerivedData/TigeHealthScope-clrlzxmelccmzsgnwqzvruwgpxod/Build/Intermediates.noindex/TigeHealthScope.build/Debug-iphonesimulator/TigeHealthScope.build/TigeHealthScope-generated-files.hmap (in target 'TigeHealthScope' from project 'TigeHealthScope')
    cd /Users/simonbakhanets/IdeaProjects/TigeHealthScope
    write-file /Users/simonbakhanets/Library/Developer/Xcode/DerivedData/TigeHealthScope-clrlzxmelccmzsgnwqzvruwgpxod/Build/Intermediates.noindex/TigeHealthScope.build/Debug-iphonesimulator/TigeHealthScope.build/TigeHealthScope-generated-files.hmap

WriteAuxiliaryFile /Users/simonbakhanets/Library/Developer/Xcode/DerivedData/TigeHealthScope-clrlzxmelccmzsgnwqzvruwgpxod/Build/Intermediates.noindex/TigeHealthScope.build/Debug-iphonesimulator/TigeHealthScope.build/TigeHealthScope.DependencyMetadataFileList (in target 'TigeHealthScope' from project 'TigeHealthScope')
    cd /Users/simonbakhanets/IdeaProjects/TigeHealthScope
    write-file /Users/simonbakhanets/Library/Developer/Xcode/DerivedData/TigeHealthScope-clrlzxmelccmzsgnwqzvruwgpxod/Build/Intermediates.noindex/TigeHealthScope.build/Debug-iphonesimulator/TigeHealthScope.build/TigeHealthScope.DependencyMetadataFileList

WriteAuxiliaryFile /Users/simonbakhanets/Library/Developer/Xcode/DerivedData/TigeHealthScope-clrlzxmelccmzsgnwqzvruwgpxod/Build/Intermediates.noindex/TigeHealthScope.build/Debug-iphonesimulator/TigeHealthScope.build/TigeHealthScope-all-target-headers.hmap (in target 'TigeHealthScope' from project 'TigeHealthScope')
    cd /Users/simonbakhanets/IdeaProjects/TigeHealthScope
    write-file /Users/simonbakhanets/Library/Developer/Xcode/DerivedData/TigeHealthScope-clrlzxmelccmzsgnwqzvruwgpxod/Build/Intermediates.noindex/TigeHealthScope.build/Debug-iphonesimulator/TigeHealthScope.build/TigeHealthScope-all-target-headers.hmap

WriteAuxiliaryFile /Users/simonbakhanets/Library/Developer/Xcode/DerivedData/TigeHealthScope-clrlzxmelccmzsgnwqzvruwgpxod/Build/Intermediates.noindex/TigeHealthScope.build/Debug-iphonesimulator/TigeHealthScope.build/TigeHealthScope-DebugDylibPath-normal-arm64.txt (in target 'TigeHealthScope' from project 'TigeHealthScope')
    cd /Users/simonbakhanets/IdeaProjects/TigeHealthScope
    write-file /Users/simonbakhanets/Library/Developer/Xcode/DerivedData/TigeHealthScope-clrlzxmelccmzsgnwqzvruwgpxod/Build/Intermediates.noindex/TigeHealthScope.build/Debug-iphonesimulator/TigeHealthScope.build/TigeHealthScope-DebugDylibPath-normal-arm64.txt

WriteAuxiliaryFile /Users/simonbakhanets/Library/Developer/Xcode/DerivedData/TigeHealthScope-clrlzxmelccmzsgnwqzvruwgpxod/Build/Intermediates.noindex/TigeHealthScope.build/Debug-iphonesimulator/TigeHealthScope.build/TigeHealthScope-all-non-framework-target-headers.hmap (in target 'TigeHealthScope' from project 'TigeHealthScope')
    cd /Users/simonbakhanets/IdeaProjects/TigeHealthScope
    write-file /Users/simonbakhanets/Library/Developer/Xcode/DerivedData/TigeHealthScope-clrlzxmelccmzsgnwqzvruwgpxod/Build/Intermediates.noindex/TigeHealthScope.build/Debug-iphonesimulator/TigeHealthScope.build/TigeHealthScope-all-non-framework-target-headers.hmap

WriteAuxiliaryFile /Users/simonbakhanets/Library/Developer/Xcode/DerivedData/TigeHealthScope-clrlzxmelccmzsgnwqzvruwgpxod/Build/Intermediates.noindex/TigeHealthScope.build/Debug-iphonesimulator/TigeHealthScope.build/TigeHealthScope-DebugDylibInstallName-normal-arm64.txt (in target 'TigeHealthScope' from project 'TigeHealthScope')
    cd /Users/simonbakhanets/IdeaProjects/TigeHealthScope
    write-file /Users/simonbakhanets/Library/Developer/Xcode/DerivedData/TigeHealthScope-clrlzxmelccmzsgnwqzvruwgpxod/Build/Intermediates.noindex/TigeHealthScope.build/Debug-iphonesimulator/TigeHealthScope.build/TigeHealthScope-DebugDylibInstallName-normal-arm64.txt

WriteAuxiliaryFile /Users/simonbakhanets/Library/Developer/Xcode/DerivedData/TigeHealthScope-clrlzxmelccmzsgnwqzvruwgpxod/Build/Intermediates.noindex/TigeHealthScope.build/Debug-iphonesimulator/TigeHealthScope.build/Objects-normal/arm64/TigeHealthScope_const_extract_protocols.json (in target 'TigeHealthScope' from project 'TigeHealthScope')
    cd /Users/simonbakhanets/IdeaProjects/TigeHealthScope
    write-file /Users/simonbakhanets/Library/Developer/Xcode/DerivedData/TigeHealthScope-clrlzxmelccmzsgnwqzvruwgpxod/Build/Intermediates.noindex/TigeHealthScope.build/Debug-iphonesimulator/TigeHealthScope.build/Objects-normal/arm64/TigeHealthScope_const_extract_protocols.json

WriteAuxiliaryFile /Users/simonbakhanets/Library/Developer/Xcode/DerivedData/TigeHealthScope-clrlzxmelccmzsgnwqzvruwgpxod/Build/Intermediates.noindex/TigeHealthScope.build/Debug-iphonesimulator/TigeHealthScope.build/Objects-normal/arm64/TigeHealthScope.SwiftFileList (in target 'TigeHealthScope' from project 'TigeHealthScope')
    cd /Users/simonbakhanets/IdeaProjects/TigeHealthScope
    write-file /Users/simonbakhanets/Library/Developer/Xcode/DerivedData/TigeHealthScope-clrlzxmelccmzsgnwqzvruwgpxod/Build/Intermediates.noindex/TigeHealthScope.build/Debug-iphonesimulator/TigeHealthScope.build/Objects-normal/arm64/TigeHealthScope.SwiftFileList

WriteAuxiliaryFile /Users/simonbakhanets/Library/Developer/Xcode/DerivedData/TigeHealthScope-clrlzxmelccmzsgnwqzvruwgpxod/Build/Intermediates.noindex/TigeHealthScope.build/Debug-iphonesimulator/TigeHealthScope.build/Objects-normal/arm64/TigeHealthScope.SwiftConstValuesFileList (in target 'TigeHealthScope' from project 'TigeHealthScope')
    cd /Users/simonbakhanets/IdeaProjects/TigeHealthScope
    write-file /Users/simonbakhanets/Library/Developer/Xcode/DerivedData/TigeHealthScope-clrlzxmelccmzsgnwqzvruwgpxod/Build/Intermediates.noindex/TigeHealthScope.build/Debug-iphonesimulator/TigeHealthScope.build/Objects-normal/arm64/TigeHealthScope.SwiftConstValuesFileList

WriteAuxiliaryFile /Users/simonbakhanets/Library/Developer/Xcode/DerivedData/TigeHealthScope-clrlzxmelccmzsgnwqzvruwgpxod/Build/Intermediates.noindex/TigeHealthScope.build/Debug-iphonesimulator/TigeHealthScope.build/Objects-normal/arm64/TigeHealthScope.LinkFileList (in target 'TigeHealthScope' from project 'TigeHealthScope')
    cd /Users/simonbakhanets/IdeaProjects/TigeHealthScope
    write-file /Users/simonbakhanets/Library/Developer/Xcode/DerivedData/TigeHealthScope-clrlzxmelccmzsgnwqzvruwgpxod/Build/Intermediates.noindex/TigeHealthScope.build/Debug-iphonesimulator/TigeHealthScope.build/Objects-normal/arm64/TigeHealthScope.LinkFileList

WriteAuxiliaryFile /Users/simonbakhanets/Library/Developer/Xcode/DerivedData/TigeHealthScope-clrlzxmelccmzsgnwqzvruwgpxod/Build/Intermediates.noindex/TigeHealthScope.build/Debug-iphonesimulator/TigeHealthScope.build/Objects-normal/arm64/TigeHealthScope-OutputFileMap.json (in target 'TigeHealthScope' from project 'TigeHealthScope')
    cd /Users/simonbakhanets/IdeaProjects/TigeHealthScope
    write-file /Users/simonbakhanets/Library/Developer/Xcode/DerivedData/TigeHealthScope-clrlzxmelccmzsgnwqzvruwgpxod/Build/Intermediates.noindex/TigeHealthScope.build/Debug-iphonesimulator/TigeHealthScope.build/Objects-normal/arm64/TigeHealthScope-OutputFileMap.json

WriteAuxiliaryFile /Users/simonbakhanets/Library/Developer/Xcode/DerivedData/TigeHealthScope-clrlzxmelccmzsgnwqzvruwgpxod/Build/Intermediates.noindex/TigeHealthScope.build/Debug-iphonesimulator/TigeHealthScope.build/DerivedSources/Entitlements-Simulated.plist (in target 'TigeHealthScope' from project 'TigeHealthScope')
    cd /Users/simonbakhanets/IdeaProjects/TigeHealthScope
    write-file /Users/simonbakhanets/Library/Developer/Xcode/DerivedData/TigeHealthScope-clrlzxmelccmzsgnwqzvruwgpxod/Build/Intermediates.noindex/TigeHealthScope.build/Debug-iphonesimulator/TigeHealthScope.build/DerivedSources/Entitlements-Simulated.plist

MkDir /Users/simonbakhanets/Library/Developer/Xcode/DerivedData/TigeHealthScope-clrlzxmelccmzsgnwqzvruwgpxod/Build/Products/Debug-iphonesimulator/TigeHealthScope.app (in target 'TigeHealthScope' from project 'TigeHealthScope')
    cd /Users/simonbakhanets/IdeaProjects/TigeHealthScope
    /bin/mkdir -p /Users/simonbakhanets/Library/Developer/Xcode/DerivedData/TigeHealthScope-clrlzxmelccmzsgnwqzvruwgpxod/Build/Products/Debug-iphonesimulator/TigeHealthScope.app

ProcessProductPackaging "" /Users/simonbakhanets/Library/Developer/Xcode/DerivedData/TigeHealthScope-clrlzxmelccmzsgnwqzvruwgpxod/Build/Intermediates.noindex/TigeHealthScope.build/Debug-iphonesimulator/TigeHealthScope.build/TigeHealthScope.app-Simulated.xcent (in target 'TigeHealthScope' from project 'TigeHealthScope')
    cd /Users/simonbakhanets/IdeaProjects/TigeHealthScope
    
    Entitlements:
    
    {
    "application-identifier" = "CTT2NSWTJP.com.example.project.TigeHealthScope";
}
    
    builtin-productPackagingUtility -entitlements -format xml -o /Users/simonbakhanets/Library/Developer/Xcode/DerivedData/TigeHealthScope-clrlzxmelccmzsgnwqzvruwgpxod/Build/Intermediates.noindex/TigeHealthScope.build/Debug-iphonesimulator/TigeHealthScope.build/TigeHealthScope.app-Simulated.xcent

ProcessProductPackagingDER /Users/simonbakhanets/Library/Developer/Xcode/DerivedData/TigeHealthScope-clrlzxmelccmzsgnwqzvruwgpxod/Build/Intermediates.noindex/TigeHealthScope.build/Debug-iphonesimulator/TigeHealthScope.build/TigeHealthScope.app-Simulated.xcent /Users/simonbakhanets/Library/Developer/Xcode/DerivedData/TigeHealthScope-clrlzxmelccmzsgnwqzvruwgpxod/Build/Intermediates.noindex/TigeHealthScope.build/Debug-iphonesimulator/TigeHealthScope.build/TigeHealthScope.app-Simulated.xcent.der (in target 'TigeHealthScope' from project 'TigeHealthScope')
    cd /Users/simonbakhanets/IdeaProjects/TigeHealthScope
    /usr/bin/derq query -f xml -i /Users/simonbakhanets/Library/Developer/Xcode/DerivedData/TigeHealthScope-clrlzxmelccmzsgnwqzvruwgpxod/Build/Intermediates.noindex/TigeHealthScope.build/Debug-iphonesimulator/TigeHealthScope.build/TigeHealthScope.app-Simulated.xcent -o /Users/simonbakhanets/Library/Developer/Xcode/DerivedData/TigeHealthScope-clrlzxmelccmzsgnwqzvruwgpxod/Build/Intermediates.noindex/TigeHealthScope.build/Debug-iphonesimulator/TigeHealthScope.build/TigeHealthScope.app-Simulated.xcent.der --raw

Ld /Users/simonbakhanets/Library/Developer/Xcode/DerivedData/TigeHealthScope-clrlzxmelccmzsgnwqzvruwgpxod/Build/Products/Debug-iphonesimulator/TigeHealthScope.app/__preview.dylib normal (in target 'TigeHealthScope' from project 'TigeHealthScope')
    cd /Users/simonbakhanets/IdeaProjects/TigeHealthScope
    /Applications/Xcode.app/Contents/Developer/Toolchains/XcodeDefault.xctoolchain/usr/bin/clang -Xlinker -reproducible -target arm64-apple-ios15.6-simulator -dynamiclib -isysroot /Applications/Xcode.app/Contents/Developer/Platforms/iPhoneSimulator.platform/Developer/SDKs/iPhoneSimulator26.2.sdk -O0 -L/Users/simonbakhanets/Library/Developer/Xcode/DerivedData/TigeHealthScope-clrlzxmelccmzsgnwqzvruwgpxod/Build/Products/Debug-iphonesimulator -F/Users/simonbakhanets/Library/Developer/Xcode/DerivedData/TigeHealthScope-clrlzxmelccmzsgnwqzvruwgpxod/Build/Products/Debug-iphonesimulator -install_name @rpath/TigeHealthScope.debug.dylib -dead_strip -rdynamic -Xlinker -no_deduplicate -Xlinker -objc_abi_version -Xlinker 2 -Xlinker -debug_variant -Xlinker -dependency_info -Xlinker /Users/simonbakhanets/Library/Developer/Xcode/DerivedData/TigeHealthScope-clrlzxmelccmzsgnwqzvruwgpxod/Build/Intermediates.noindex/TigeHealthScope.build/Debug-iphonesimulator/TigeHealthScope.build/Objects-normal/arm64/TigeHealthScope_dependency_info.dat -Xlinker -sectcreate -Xlinker __TEXT -Xlinker __entitlements -Xlinker /Users/simonbakhanets/Library/Developer/Xcode/DerivedData/TigeHealthScope-clrlzxmelccmzsgnwqzvruwgpxod/Build/Intermediates.noindex/TigeHealthScope.build/Debug-iphonesimulator/TigeHealthScope.build/TigeHealthScope.app-Simulated.xcent -Xlinker -sectcreate -Xlinker __TEXT -Xlinker __ents_der -Xlinker /Users/simonbakhanets/Library/Developer/Xcode/DerivedData/TigeHealthScope-clrlzxmelccmzsgnwqzvruwgpxod/Build/Intermediates.noindex/TigeHealthScope.build/Debug-iphonesimulator/TigeHealthScope.build/TigeHealthScope.app-Simulated.xcent.der -Xlinker -no_adhoc_codesign -o /Users/simonbakhanets/Library/Developer/Xcode/DerivedData/TigeHealthScope-clrlzxmelccmzsgnwqzvruwgpxod/Build/Products/Debug-iphonesimulator/TigeHealthScope.app/__preview.dylib

MkDir /Users/simonbakhanets/Library/Developer/Xcode/DerivedData/TigeHealthScope-clrlzxmelccmzsgnwqzvruwgpxod/Build/Intermediates.noindex/TigeHealthScope.build/Debug-iphonesimulator/TigeHealthScope.build/assetcatalog_output/unthinned (in target 'TigeHealthScope' from project 'TigeHealthScope')
    cd /Users/simonbakhanets/IdeaProjects/TigeHealthScope
    /bin/mkdir -p /Users/simonbakhanets/Library/Developer/Xcode/DerivedData/TigeHealthScope-clrlzxmelccmzsgnwqzvruwgpxod/Build/Intermediates.noindex/TigeHealthScope.build/Debug-iphonesimulator/TigeHealthScope.build/assetcatalog_output/unthinned

MkDir /Users/simonbakhanets/Library/Developer/Xcode/DerivedData/TigeHealthScope-clrlzxmelccmzsgnwqzvruwgpxod/Build/Intermediates.noindex/TigeHealthScope.build/Debug-iphonesimulator/TigeHealthScope.build/assetcatalog_output/thinned (in target 'TigeHealthScope' from project 'TigeHealthScope')
    cd /Users/simonbakhanets/IdeaProjects/TigeHealthScope
    /bin/mkdir -p /Users/simonbakhanets/Library/Developer/Xcode/DerivedData/TigeHealthScope-clrlzxmelccmzsgnwqzvruwgpxod/Build/Intermediates.noindex/TigeHealthScope.build/Debug-iphonesimulator/TigeHealthScope.build/assetcatalog_output/thinned

GenerateAssetSymbols /Users/simonbakhanets/IdeaProjects/TigeHealthScope/TigeHealthScope/Assets.xcassets (in target 'TigeHealthScope' from project 'TigeHealthScope')
    cd /Users/simonbakhanets/IdeaProjects/TigeHealthScope
    /Applications/Xcode.app/Contents/Developer/usr/bin/actool /Users/simonbakhanets/IdeaProjects/TigeHealthScope/TigeHealthScope/Assets.xcassets --compile /Users/simonbakhanets/Library/Developer/Xcode/DerivedData/TigeHealthScope-clrlzxmelccmzsgnwqzvruwgpxod/Build/Products/Debug-iphonesimulator/TigeHealthScope.app --output-format human-readable-text --notices --warnings --export-dependency-info /Users/simonbakhanets/Library/Developer/Xcode/DerivedData/TigeHealthScope-clrlzxmelccmzsgnwqzvruwgpxod/Build/Intermediates.noindex/TigeHealthScope.build/Debug-iphonesimulator/TigeHealthScope.build/assetcatalog_dependencies --output-partial-info-plist /Users/simonbakhanets/Library/Developer/Xcode/DerivedData/TigeHealthScope-clrlzxmelccmzsgnwqzvruwgpxod/Build/Intermediates.noindex/TigeHealthScope.build/Debug-iphonesimulator/TigeHealthScope.build/assetcatalog_generated_info.plist --app-icon AppIcon --accent-color AccentColor --compress-pngs --enable-on-demand-resources YES --development-region en --target-device iphone --minimum-deployment-target 15.6 --platform iphonesimulator --bundle-identifier com.example.project.TigeHealthScope --generate-swift-asset-symbols /Users/simonbakhanets/Library/Developer/Xcode/DerivedData/TigeHealthScope-clrlzxmelccmzsgnwqzvruwgpxod/Build/Intermediates.noindex/TigeHealthScope.build/Debug-iphonesimulator/TigeHealthScope.build/DerivedSources/GeneratedAssetSymbols.swift --generate-objc-asset-symbols /Users/simonbakhanets/Library/Developer/Xcode/DerivedData/TigeHealthScope-clrlzxmelccmzsgnwqzvruwgpxod/Build/Intermediates.noindex/TigeHealthScope.build/Debug-iphonesimulator/TigeHealthScope.build/DerivedSources/GeneratedAssetSymbols.h --generate-asset-symbol-index /Users/simonbakhanets/Library/Developer/Xcode/DerivedData/TigeHealthScope-clrlzxmelccmzsgnwqzvruwgpxod/Build/Intermediates.noindex/TigeHealthScope.build/Debug-iphonesimulator/TigeHealthScope.build/DerivedSources/GeneratedAssetSymbols-Index.plist
/* com.apple.actool.compilation-results */
/Users/simonbakhanets/Library/Developer/Xcode/DerivedData/TigeHealthScope-clrlzxmelccmzsgnwqzvruwgpxod/Build/Intermediates.noindex/TigeHealthScope.build/Debug-iphonesimulator/TigeHealthScope.build/DerivedSources/GeneratedAssetSymbols-Index.plist
/Users/simonbakhanets/Library/Developer/Xcode/DerivedData/TigeHealthScope-clrlzxmelccmzsgnwqzvruwgpxod/Build/Intermediates.noindex/TigeHealthScope.build/Debug-iphonesimulator/TigeHealthScope.build/DerivedSources/GeneratedAssetSymbols.h
/Users/simonbakhanets/Library/Developer/Xcode/DerivedData/TigeHealthScope-clrlzxmelccmzsgnwqzvruwgpxod/Build/Intermediates.noindex/TigeHealthScope.build/Debug-iphonesimulator/TigeHealthScope.build/DerivedSources/GeneratedAssetSymbols.swift


CompileAssetCatalogVariant thinned /Users/simonbakhanets/Library/Developer/Xcode/DerivedData/TigeHealthScope-clrlzxmelccmzsgnwqzvruwgpxod/Build/Products/Debug-iphonesimulator/TigeHealthScope.app /Users/simonbakhanets/IdeaProjects/TigeHealthScope/TigeHealthScope/Assets.xcassets (in target 'TigeHealthScope' from project 'TigeHealthScope')
    cd /Users/simonbakhanets/IdeaProjects/TigeHealthScope
    /Applications/Xcode.app/Contents/Developer/usr/bin/actool /Users/simonbakhanets/IdeaProjects/TigeHealthScope/TigeHealthScope/Assets.xcassets --compile /Users/simonbakhanets/Library/Developer/Xcode/DerivedData/TigeHealthScope-clrlzxmelccmzsgnwqzvruwgpxod/Build/Intermediates.noindex/TigeHealthScope.build/Debug-iphonesimulator/TigeHealthScope.build/assetcatalog_output/thinned --output-format human-readable-text --notices --warnings --export-dependency-info /Users/simonbakhanets/Library/Developer/Xcode/DerivedData/TigeHealthScope-clrlzxmelccmzsgnwqzvruwgpxod/Build/Intermediates.noindex/TigeHealthScope.build/Debug-iphonesimulator/TigeHealthScope.build/assetcatalog_dependencies_thinned --output-partial-info-plist /Users/simonbakhanets/Library/Developer/Xcode/DerivedData/TigeHealthScope-clrlzxmelccmzsgnwqzvruwgpxod/Build/Intermediates.noindex/TigeHealthScope.build/Debug-iphonesimulator/TigeHealthScope.build/assetcatalog_generated_info.plist_thinned --app-icon AppIcon --accent-color AccentColor --compress-pngs --enable-on-demand-resources YES --filter-for-thinning-device-configuration iPhone17,3 --filter-for-device-os-version 18.3.1 --development-region en --target-device iphone --minimum-deployment-target 15.6 --platform iphonesimulator
/* com.apple.actool.compilation-results */
/Users/simonbakhanets/Library/Developer/Xcode/DerivedData/TigeHealthScope-clrlzxmelccmzsgnwqzvruwgpxod/Build/Intermediates.noindex/TigeHealthScope.build/Debug-iphonesimulator/TigeHealthScope.build/assetcatalog_generated_info.plist_thinned
/Users/simonbakhanets/Library/Developer/Xcode/DerivedData/TigeHealthScope-clrlzxmelccmzsgnwqzvruwgpxod/Build/Intermediates.noindex/TigeHealthScope.build/Debug-iphonesimulator/TigeHealthScope.build/assetcatalog_output/thinned/AppIcon60x60@2x.png
/Users/simonbakhanets/Library/Developer/Xcode/DerivedData/TigeHealthScope-clrlzxmelccmzsgnwqzvruwgpxod/Build/Intermediates.noindex/TigeHealthScope.build/Debug-iphonesimulator/TigeHealthScope.build/assetcatalog_output/thinned/AppIcon76x76@2x~ipad.png
/Users/simonbakhanets/Library/Developer/Xcode/DerivedData/TigeHealthScope-clrlzxmelccmzsgnwqzvruwgpxod/Build/Intermediates.noindex/TigeHealthScope.build/Debug-iphonesimulator/TigeHealthScope.build/assetcatalog_output/thinned/Assets.car


SwiftDriver TigeHealthScope normal arm64 com.apple.xcode.tools.swift.compiler (in target 'TigeHealthScope' from project 'TigeHealthScope')
    cd /Users/simonbakhanets/IdeaProjects/TigeHealthScope
    builtin-SwiftDriver -- /Applications/Xcode.app/Contents/Developer/Toolchains/XcodeDefault.xctoolchain/usr/bin/swiftc -module-name TigeHealthScope -Onone -enforce-exclusivity\=checked @/Users/simonbakhanets/Library/Developer/Xcode/DerivedData/TigeHealthScope-clrlzxmelccmzsgnwqzvruwgpxod/Build/Intermediates.noindex/TigeHealthScope.build/Debug-iphonesimulator/TigeHealthScope.build/Objects-normal/arm64/TigeHealthScope.SwiftFileList -DDEBUG -default-isolation\=MainActor -enable-bare-slash-regex -enable-upcoming-feature DisableOutwardActorInference -enable-upcoming-feature InferSendableFromCaptures -enable-upcoming-feature GlobalActorIsolatedTypesUsability -enable-upcoming-feature MemberImportVisibility -enable-upcoming-feature InferIsolatedConformances -enable-upcoming-feature NonisolatedNonsendingByDefault -enable-experimental-feature DebugDescriptionMacro -sdk /Applications/Xcode.app/Contents/Developer/Platforms/iPhoneSimulator.platform/Developer/SDKs/iPhoneSimulator26.2.sdk -target arm64-apple-ios15.6-simulator -g -module-cache-path /Users/simonbakhanets/Library/Developer/Xcode/DerivedData/ModuleCache.noindex -Xfrontend -serialize-debugging-options -profile-coverage-mapping -profile-generate -enable-testing -index-store-path /Users/simonbakhanets/Library/Developer/Xcode/DerivedData/TigeHealthScope-clrlzxmelccmzsgnwqzvruwgpxod/Index.noindex/DataStore -Xcc -D_LIBCPP_HARDENING_MODE\=_LIBCPP_HARDENING_MODE_DEBUG -swift-version 5 -I /Users/simonbakhanets/Library/Developer/Xcode/DerivedData/TigeHealthScope-clrlzxmelccmzsgnwqzvruwgpxod/Build/Products/Debug-iphonesimulator -F /Users/simonbakhanets/Library/Developer/Xcode/DerivedData/TigeHealthScope-clrlzxmelccmzsgnwqzvruwgpxod/Build/Products/Debug-iphonesimulator -emit-localized-strings -emit-localized-strings-path /Users/simonbakhanets/Library/Developer/Xcode/DerivedData/TigeHealthScope-clrlzxmelccmzsgnwqzvruwgpxod/Build/Intermediates.noindex/TigeHealthScope.build/Debug-iphonesimulator/TigeHealthScope.build/Objects-normal/arm64 -c -j8 -enable-batch-mode -incremental -Xcc -ivfsstatcache -Xcc /Users/simonbakhanets/Library/Developer/Xcode/DerivedData/SDKStatCaches.noindex/iphonesimulator26.2-23C53-7d00a8b37fbd7999ea79df8ebc024bf0.sdkstatcache -output-file-map /Users/simonbakhanets/Library/Developer/Xcode/DerivedData/TigeHealthScope-clrlzxmelccmzsgnwqzvruwgpxod/Build/Intermediates.noindex/TigeHealthScope.build/Debug-iphonesimulator/TigeHealthScope.build/Objects-normal/arm64/TigeHealthScope-OutputFileMap.json -use-frontend-parseable-output -save-temps -no-color-diagnostics -explicit-module-build -module-cache-path /Users/simonbakhanets/Library/Developer/Xcode/DerivedData/TigeHealthScope-clrlzxmelccmzsgnwqzvruwgpxod/Build/Intermediates.noindex/SwiftExplicitPrecompiledModules -clang-scanner-module-cache-path /Users/simonbakhanets/Library/Developer/Xcode/DerivedData/ModuleCache.noindex -sdk-module-cache-path /Users/simonbakhanets/Library/Developer/Xcode/DerivedData/ModuleCache.noindex -serialize-diagnostics -emit-dependencies -emit-module -emit-module-path /Users/simonbakhanets/Library/Developer/Xcode/DerivedData/TigeHealthScope-clrlzxmelccmzsgnwqzvruwgpxod/Build/Intermediates.noindex/TigeHealthScope.build/Debug-iphonesimulator/TigeHealthScope.build/Objects-normal/arm64/TigeHealthScope.swiftmodule -validate-clang-modules-once -clang-build-session-file /Users/simonbakhanets/Library/Developer/Xcode/DerivedData/ModuleCache.noindex/Session.modulevalidation -Xcc -I/Users/simonbakhanets/Library/Developer/Xcode/DerivedData/TigeHealthScope-clrlzxmelccmzsgnwqzvruwgpxod/Build/Intermediates.noindex/TigeHealthScope.build/Debug-iphonesimulator/TigeHealthScope.build/swift-overrides.hmap -emit-const-values -Xfrontend -const-gather-protocols-file -Xfrontend /Users/simonbakhanets/Library/Developer/Xcode/DerivedData/TigeHealthScope-clrlzxmelccmzsgnwqzvruwgpxod/Build/Intermediates.noindex/TigeHealthScope.build/Debug-iphonesimulator/TigeHealthScope.build/Objects-normal/arm64/TigeHealthScope_const_extract_protocols.json -Xcc -iquote -Xcc /Users/simonbakhanets/Library/Developer/Xcode/DerivedData/TigeHealthScope-clrlzxmelccmzsgnwqzvruwgpxod/Build/Intermediates.noindex/TigeHealthScope.build/Debug-iphonesimulator/TigeHealthScope.build/TigeHealthScope-generated-files.hmap -Xcc -I/Users/simonbakhanets/Library/Developer/Xcode/DerivedData/TigeHealthScope-clrlzxmelccmzsgnwqzvruwgpxod/Build/Intermediates.noindex/TigeHealthScope.build/Debug-iphonesimulator/TigeHealthScope.build/TigeHealthScope-own-target-headers.hmap -Xcc -I/Users/simonbakhanets/Library/Developer/Xcode/DerivedData/TigeHealthScope-clrlzxmelccmzsgnwqzvruwgpxod/Build/Intermediates.noindex/TigeHealthScope.build/Debug-iphonesimulator/TigeHealthScope.build/TigeHealthScope-all-target-headers.hmap -Xcc -iquote -Xcc /Users/simonbakhanets/Library/Developer/Xcode/DerivedData/TigeHealthScope-clrlzxmelccmzsgnwqzvruwgpxod/Build/Intermediates.noindex/TigeHealthScope.build/Debug-iphonesimulator/TigeHealthScope.build/TigeHealthScope-project-headers.hmap -Xcc -I/Users/simonbakhanets/Library/Developer/Xcode/DerivedData/TigeHealthScope-clrlzxmelccmzsgnwqzvruwgpxod/Build/Products/Debug-iphonesimulator/include -Xcc -I/Users/simonbakhanets/Library/Developer/Xcode/DerivedData/TigeHealthScope-clrlzxmelccmzsgnwqzvruwgpxod/Build/Intermediates.noindex/TigeHealthScope.build/Debug-iphonesimulator/TigeHealthScope.build/DerivedSources-normal/arm64 -Xcc -I/Users/simonbakhanets/Library/Developer/Xcode/DerivedData/TigeHealthScope-clrlzxmelccmzsgnwqzvruwgpxod/Build/Intermediates.noindex/TigeHealthScope.build/Debug-iphonesimulator/TigeHealthScope.build/DerivedSources/arm64 -Xcc -I/Users/simonbakhanets/Library/Developer/Xcode/DerivedData/TigeHealthScope-clrlzxmelccmzsgnwqzvruwgpxod/Build/Intermediates.noindex/TigeHealthScope.build/Debug-iphonesimulator/TigeHealthScope.build/DerivedSources -Xcc -DDEBUG\=1 -emit-objc-header -emit-objc-header-path /Users/simonbakhanets/Library/Developer/Xcode/DerivedData/TigeHealthScope-clrlzxmelccmzsgnwqzvruwgpxod/Build/Intermediates.noindex/TigeHealthScope.build/Debug-iphonesimulator/TigeHealthScope.build/Objects-normal/arm64/TigeHealthScope-Swift.h -working-directory /Users/simonbakhanets/IdeaProjects/TigeHealthScope -experimental-emit-module-separately -disable-cmo

SwiftCompile normal arm64 Compiling\ SymptomModel.swift,\ UserModel.swift /Users/simonbakhanets/IdeaProjects/TigeHealthScope/TigeHealthScope/Models/SymptomModel.swift /Users/simonbakhanets/IdeaProjects/TigeHealthScope/TigeHealthScope/Models/UserModel.swift (in target 'TigeHealthScope' from project 'TigeHealthScope')
SwiftCompile normal arm64 /Users/simonbakhanets/IdeaProjects/TigeHealthScope/TigeHealthScope/Models/SymptomModel.swift (in target 'TigeHealthScope' from project 'TigeHealthScope')
    cd /Users/simonbakhanets/IdeaProjects/TigeHealthScope
    

SwiftCompile normal arm64 /Users/simonbakhanets/IdeaProjects/TigeHealthScope/TigeHealthScope/Models/UserModel.swift (in target 'TigeHealthScope' from project 'TigeHealthScope')
    cd /Users/simonbakhanets/IdeaProjects/TigeHealthScope
    

SwiftCompile normal arm64 Compiling\ SymptomAnalysisService.swift,\ AppStorageManager.swift /Users/simonbakhanets/IdeaProjects/TigeHealthScope/TigeHealthScope/Services/SymptomAnalysisService.swift /Users/simonbakhanets/IdeaProjects/TigeHealthScope/TigeHealthScope/Utilities/AppStorageManager.swift (in target 'TigeHealthScope' from project 'TigeHealthScope')

SwiftCompile normal arm64 /Users/simonbakhanets/IdeaProjects/TigeHealthScope/TigeHealthScope/Services/SymptomAnalysisService.swift (in target 'TigeHealthScope' from project 'TigeHealthScope')
    cd /Users/simonbakhanets/IdeaProjects/TigeHealthScope
    

SwiftCompile normal arm64 /Users/simonbakhanets/IdeaProjects/TigeHealthScope/TigeHealthScope/Utilities/AppStorageManager.swift (in target 'TigeHealthScope' from project 'TigeHealthScope')
    cd /Users/simonbakhanets/IdeaProjects/TigeHealthScope
    
/Users/simonbakhanets/IdeaProjects/TigeHealthScope/TigeHealthScope/Utilities/AppStorageManager.swift:11:7: error: type 'AppStorageManager' does not conform to protocol 'ObservableObject'
class AppStorageManager: ObservableObject {
      ^
/Users/simonbakhanets/IdeaProjects/TigeHealthScope/TigeHealthScope/Utilities/AppStorageManager.swift:11:7: note: add stubs for conformance
class AppStorageManager: ObservableObject {
      ^
Combine.ObservableObject.objectWillChange:2:5: note: protocol requires property 'objectWillChange' with type 'Self.ObjectWillChangePublisher'
var objectWillChange: Self.ObjectWillChangePublisher { get }}
    ^

SwiftCompile normal arm64 Compiling\ OnboardingView.swift,\ SettingsView.swift /Users/simonbakhanets/IdeaProjects/TigeHealthScope/TigeHealthScope/Views/OnboardingView.swift /Users/simonbakhanets/IdeaProjects/TigeHealthScope/TigeHealthScope/Views/SettingsView.swift (in target 'TigeHealthScope' from project 'TigeHealthScope')
SwiftCompile normal arm64 /Users/simonbakhanets/IdeaProjects/TigeHealthScope/TigeHealthScope/Views/OnboardingView.swift (in target 'TigeHealthScope' from project 'TigeHealthScope')
    cd /Users/simonbakhanets/IdeaProjects/TigeHealthScope
    

SwiftCompile normal arm64 /Users/simonbakhanets/IdeaProjects/TigeHealthScope/TigeHealthScope/Views/SettingsView.swift (in target 'TigeHealthScope' from project 'TigeHealthScope')
    cd /Users/simonbakhanets/IdeaProjects/TigeHealthScope
    

SwiftCompile normal arm64 Compiling\ SymptomTrackerView.swift,\ ContentView.swift /Users/simonbakhanets/IdeaProjects/TigeHealthScope/TigeHealthScope/Views/SymptomTrackerView.swift /Users/simonbakhanets/IdeaProjects/TigeHealthScope/TigeHealthScope/ContentView.swift (in target 'TigeHealthScope' from project 'TigeHealthScope')

SwiftCompile normal arm64 /Users/simonbakhanets/IdeaProjects/TigeHealthScope/TigeHealthScope/Views/SymptomTrackerView.swift (in target 'TigeHealthScope' from project 'TigeHealthScope')
    cd /Users/simonbakhanets/IdeaProjects/TigeHealthScope
    

SwiftCompile normal arm64 /Users/simonbakhanets/IdeaProjects/TigeHealthScope/TigeHealthScope/ContentView.swift (in target 'TigeHealthScope' from project 'TigeHealthScope')
    cd /Users/simonbakhanets/IdeaProjects/TigeHealthScope
    

SwiftCompile normal arm64 Compiling\ SymptomTrackerViewModel.swift,\ HealthInsightsView.swift /Users/simonbakhanets/IdeaProjects/TigeHealthScope/TigeHealthScope/ViewModels/SymptomTrackerViewModel.swift /Users/simonbakhanets/IdeaProjects/TigeHealthScope/TigeHealthScope/Views/HealthInsightsView.swift (in target 'TigeHealthScope' from project 'TigeHealthScope')

SwiftCompile normal arm64 /Users/simonbakhanets/IdeaProjects/TigeHealthScope/TigeHealthScope/ViewModels/SymptomTrackerViewModel.swift (in target 'TigeHealthScope' from project 'TigeHealthScope')
    cd /Users/simonbakhanets/IdeaProjects/TigeHealthScope
    

SwiftCompile normal arm64 /Users/simonbakhanets/IdeaProjects/TigeHealthScope/TigeHealthScope/Views/HealthInsightsView.swift (in target 'TigeHealthScope' from project 'TigeHealthScope')
    cd /Users/simonbakhanets/IdeaProjects/TigeHealthScope
    

SwiftCompile normal arm64 Compiling\ HealthInsightsViewModel.swift,\ OnboardingViewModel.swift /Users/simonbakhanets/IdeaProjects/TigeHealthScope/TigeHealthScope/ViewModels/HealthInsightsViewModel.swift /Users/simonbakhanets/IdeaProjects/TigeHealthScope/TigeHealthScope/ViewModels/OnboardingViewModel.swift (in target 'TigeHealthScope' from project 'TigeHealthScope')
Failed frontend command:
/Applications/Xcode.app/Contents/Developer/Toolchains/XcodeDefault.xctoolchain/usr/bin/swift-frontend -frontend -c /Users/simonbakhanets/IdeaProjects/TigeHealthScope/TigeHealthScope/Models/SymptomModel.swift /Users/simonbakhanets/IdeaProjects/TigeHealthScope/TigeHealthScope/Models/UserModel.swift /Users/simonbakhanets/IdeaProjects/TigeHealthScope/TigeHealthScope/Resources/Colors.swift /Users/simonbakhanets/IdeaProjects/TigeHealthScope/TigeHealthScope/Services/HealthDataService.swift /Users/simonbakhanets/IdeaProjects/TigeHealthScope/TigeHealthScope/Services/SymptomAnalysisService.swift /Users/simonbakhanets/IdeaProjects/TigeHealthScope/TigeHealthScope/Utilities/AppStorageManager.swift -primary-file /Users/simonbakhanets/IdeaProjects/TigeHealthScope/TigeHealthScope/ViewModels/HealthInsightsViewModel.swift -primary-file /Users/simonbakhanets/IdeaProjects/TigeHealthScope/TigeHealthScope/ViewModels/OnboardingViewModel.swift /Users/simonbakhanets/IdeaProjects/TigeHealthScope/TigeHealthScope/ViewModels/SymptomTrackerViewModel.swift /Users/simonbakhanets/IdeaProjects/TigeHealthScope/TigeHealthScope/Views/HealthInsightsView.swift /Users/simonbakhanets/IdeaProjects/TigeHealthScope/TigeHealthScope/Views/OnboardingView.swift /Users/simonbakhanets/IdeaProjects/TigeHealthScope/TigeHealthScope/Views/SettingsView.swift /Users/simonbakhanets/IdeaProjects/TigeHealthScope/TigeHealthScope/Views/SymptomTrackerView.swift /Users/simonbakhanets/IdeaProjects/TigeHealthScope/TigeHealthScope/ContentView.swift /Users/simonbakhanets/IdeaProjects/TigeHealthScope/TigeHealthScope/TigeHealthScopeApp.swift /Users/simonbakhanets/Library/Developer/Xcode/DerivedData/TigeHealthScope-clrlzxmelccmzsgnwqzvruwgpxod/Build/Intermediates.noindex/TigeHealthScope.build/Debug-iphonesimulator/TigeHealthScope.build/DerivedSources/GeneratedAssetSymbols.swift -emit-dependencies-path /Users/simonbakhanets/Library/Developer/Xcode/DerivedData/TigeHealthScope-clrlzxmelccmzsgnwqzvruwgpxod/Build/Intermediates.noindex/TigeHealthScope.build/Debug-iphonesimulator/TigeHealthScope.build/Objects-normal/arm64/HealthInsightsViewModel.d -emit-const-values-path /Users/simonbakhanets/Library/Developer/Xcode/DerivedData/TigeHealthScope-clrlzxmelccmzsgnwqzvruwgpxod/Build/Intermediates.noindex/TigeHealthScope.build/Debug-iphonesimulator/TigeHealthScope.build/Objects-normal/arm64/HealthInsightsViewModel.swiftconstvalues -emit-reference-dependencies-path /Users/simonbakhanets/Library/Developer/Xcode/DerivedData/TigeHealthScope-clrlzxmelccmzsgnwqzvruwgpxod/Build/Intermediates.noindex/TigeHealthScope.build/Debug-iphonesimulator/TigeHealthScope.build/Objects-normal/arm64/HealthInsightsViewModel.swiftdeps -serialize-diagnostics-path /Users/simonbakhanets/Library/Developer/Xcode/DerivedData/TigeHealthScope-clrlzxmelccmzsgnwqzvruwgpxod/Build/Intermediates.noindex/TigeHealthScope.build/Debug-iphonesimulator/TigeHealthScope.build/Objects-normal/arm64/HealthInsightsViewModel.dia -emit-dependencies-path /Users/simonbakhanets/Library/Developer/Xcode/DerivedData/TigeHealthScope-clrlzxmelccmzsgnwqzvruwgpxod/Build/Intermediates.noindex/TigeHealthScope.build/Debug-iphonesimulator/TigeHealthScope.build/Objects-normal/arm64/OnboardingViewModel.d -emit-const-values-path /Users/simonbakhanets/Library/Developer/Xcode/DerivedData/TigeHealthScope-clrlzxmelccmzsgnwqzvruwgpxod/Build/Intermediates.noindex/TigeHealthScope.build/Debug-iphonesimulator/TigeHealthScope.build/Objects-normal/arm64/OnboardingViewModel.swiftconstvalues -emit-reference-dependencies-path /Users/simonbakhanets/Library/Developer/Xcode/DerivedData/TigeHealthScope-clrlzxmelccmzsgnwqzvruwgpxod/Build/Intermediates.noindex/TigeHealthScope.build/Debug-iphonesimulator/TigeHealthScope.build/Objects-normal/arm64/OnboardingViewModel.swiftdeps -serialize-diagnostics-path /Users/simonbakhanets/Library/Developer/Xcode/DerivedData/TigeHealthScope-clrlzxmelccmzsgnwqzvruwgpxod/Build/Intermediates.noindex/TigeHealthScope.build/Debug-iphonesimulator/TigeHealthScope.build/Objects-normal/arm64/OnboardingViewModel.dia -emit-localized-strings -emit-localized-strings-path /Users/simonbakhanets/Library/Developer/Xcode/DerivedData/TigeHealthScope-clrlzxmelccmzsgnwqzvruwgpxod/Build/Intermediates.noindex/TigeHealthScope.build/Debug-iphonesimulator/TigeHealthScope.build/Objects-normal/arm64 -target arm64-apple-ios15.6-simulator -module-can-import-version DeveloperToolsSupport 23.0.4 23.0.4 -module-can-import-version SwiftUI 7.2.5.1 7.2.5 -module-can-import-version UIKit 9126.2.4.1 9126.2.4 -load-resolved-plugin /Applications/Xcode.app/Contents/Developer/Platforms/iPhoneOS.platform/Developer/usr/lib/swift/host/plugins/libFoundationMacros.dylib\#/Applications/Xcode.app/Contents/Developer/Platforms/iPhoneOS.platform/Developer/usr/bin/swift-plugin-server\#FoundationMacros -load-resolved-plugin /Applications/Xcode.app/Contents/Developer/Platforms/iPhoneOS.platform/Developer/usr/lib/swift/host/plugins/libObservationMacros.dylib\#/Applications/Xcode.app/Contents/Developer/Platforms/iPhoneOS.platform/Developer/usr/bin/swift-plugin-server\#ObservationMacros -load-resolved-plugin /Applications/Xcode.app/Contents/Developer/Platforms/iPhoneOS.platform/Developer/usr/lib/swift/host/plugins/libPreviewsMacros.dylib\#/Applications/Xcode.app/Contents/Developer/Platforms/iPhoneOS.platform/Developer/usr/bin/swift-plugin-server\#PreviewsMacros -load-resolved-plugin /Applications/Xcode.app/Contents/Developer/Platforms/iPhoneOS.platform/Developer/usr/lib/swift/host/plugins/libSwiftMacros.dylib\#/Applications/Xcode.app/Contents/Developer/Platforms/iPhoneOS.platform/Developer/usr/bin/swift-plugin-server\#SwiftMacros -load-resolved-plugin /Applications/Xcode.app/Contents/Developer/Platforms/iPhoneOS.platform/Developer/usr/lib/swift/host/plugins/libSwiftUIMacros.dylib\#/Applications/Xcode.app/Contents/Developer/Platforms/iPhoneOS.platform/Developer/usr/bin/swift-plugin-server\#SwiftUIMacros -disable-implicit-swift-modules -Xcc -fno-implicit-modules -Xcc -fno-implicit-module-maps -explicit-swift-module-map-file /Users/simonbakhanets/Library/Developer/Xcode/DerivedData/TigeHealthScope-clrlzxmelccmzsgnwqzvruwgpxod/Build/Intermediates.noindex/TigeHealthScope.build/Debug-iphonesimulator/TigeHealthScope.build/Objects-normal/arm64/TigeHealthScope-dependencies-1.json -Xllvm -aarch64-use-tbi -enable-objc-interop -sdk /Applications/Xcode.app/Contents/Developer/Platforms/iPhoneSimulator.platform/Developer/SDKs/iPhoneSimulator26.2.sdk -I /Users/simonbakhanets/Library/Developer/Xcode/DerivedData/TigeHealthScope-clrlzxmelccmzsgnwqzvruwgpxod/Build/Products/Debug-iphonesimulator -F /Users/simonbakhanets/Library/Developer/Xcode/DerivedData/TigeHealthScope-clrlzxmelccmzsgnwqzvruwgpxod/Build/Products/Debug-iphonesimulator -no-color-diagnostics -Xcc -fno-color-diagnostics -enable-testing -g -debug-info-format\=dwarf -dwarf-version\=4 -module-cache-path /Users/simonbakhanets/Library/Developer/Xcode/DerivedData/TigeHealthScope-clrlzxmelccmzsgnwqzvruwgpxod/Build/Intermediates.noindex/SwiftExplicitPrecompiledModules -profile-generate -profile-coverage-mapping -swift-version 5 -enforce-exclusivity\=checked -Onone -D DEBUG -serialize-debugging-options -const-gather-protocols-file /Users/simonbakhanets/Library/Developer/Xcode/DerivedData/TigeHealthScope-clrlzxmelccmzsgnwqzvruwgpxod/Build/Intermediates.noindex/TigeHealthScope.build/Debug-iphonesimulator/TigeHealthScope.build/Objects-normal/arm64/TigeHealthScope_const_extract_protocols.json -enable-upcoming-feature DisableOutwardActorInference -enable-upcoming-feature InferSendableFromCaptures -enable-upcoming-feature GlobalActorIsolatedTypesUsability -enable-upcoming-feature MemberImportVisibility -enable-upcoming-feature InferIsolatedConformances -enable-upcoming-feature NonisolatedNonsendingByDefault -enable-experimental-feature DebugDescriptionMacro -enable-bare-slash-regex -default-isolation\=MainActor -empty-abi-descriptor -validate-clang-modules-once -clang-build-session-file /Users/simonbakhanets/Library/Developer/Xcode/DerivedData/ModuleCache.noindex/Session.modulevalidation -Xcc -working-directory -Xcc /Users/simonbakhanets/IdeaProjects/TigeHealthScope -enable-anonymous-context-mangled-names -file-compilation-dir /Users/simonbakhanets/IdeaProjects/TigeHealthScope -Xcc -D_LIBCPP_HARDENING_MODE\=_LIBCPP_HARDENING_MODE_DEBUG -Xcc -ivfsstatcache -Xcc /Users/simonbakhanets/Library/Developer/Xcode/DerivedData/SDKStatCaches.noindex/iphonesimulator26.2-23C53-7d00a8b37fbd7999ea79df8ebc024bf0.sdkstatcache -Xcc -I/Users/simonbakhanets/Library/Developer/Xcode/DerivedData/TigeHealthScope-clrlzxmelccmzsgnwqzvruwgpxod/Build/Intermediates.noindex/TigeHealthScope.build/Debug-iphonesimulator/TigeHealthScope.build/swift-overrides.hmap -Xcc -iquote -Xcc /Users/simonbakhanets/Library/Developer/Xcode/DerivedData/TigeHealthScope-clrlzxmelccmzsgnwqzvruwgpxod/Build/Intermediates.noindex/TigeHealthScope.build/Debug-iphonesimulator/TigeHealthScope.build/TigeHealthScope-generated-files.hmap -Xcc -I/Users/simonbakhanets/Library/Developer/Xcode/DerivedData/TigeHealthScope-clrlzxmelccmzsgnwqzvruwgpxod/Build/Intermediates.noindex/TigeHealthScope.build/Debug-iphonesimulator/TigeHealthScope.build/TigeHealthScope-own-target-headers.hmap -Xcc -I/Users/simonbakhanets/Library/Developer/Xcode/DerivedData/TigeHealthScope-clrlzxmelccmzsgnwqzvruwgpxod/Build/Intermediates.noindex/TigeHealthScope.build/Debug-iphonesimulator/TigeHealthScope.build/TigeHealthScope-all-target-headers.hmap -Xcc -iquote -Xcc /Users/simonbakhanets/Library/Developer/Xcode/DerivedData/TigeHealthScope-clrlzxmelccmzsgnwqzvruwgpxod/Build/Intermediates.noindex/TigeHealthScope.build/Debug-iphonesimulator/TigeHealthScope.build/TigeHealthScope-project-headers.hmap -Xcc -I/Users/simonbakhanets/Library/Developer/Xcode/DerivedData/TigeHealthScope-clrlzxmelccmzsgnwqzvruwgpxod/Build/Products/Debug-iphonesimulator/include -Xcc -I/Users/simonbakhanets/Library/Developer/Xcode/DerivedData/TigeHealthScope-clrlzxmelccmzsgnwqzvruwgpxod/Build/Intermediates.noindex/TigeHealthScope.build/Debug-iphonesimulator/TigeHealthScope.build/DerivedSources-normal/arm64 -Xcc -I/Users/simonbakhanets/Library/Developer/Xcode/DerivedData/TigeHealthScope-clrlzxmelccmzsgnwqzvruwgpxod/Build/Intermediates.noindex/TigeHealthScope.build/Debug-iphonesimulator/TigeHealthScope.build/DerivedSources/arm64 -Xcc -I/Users/simonbakhanets/Library/Developer/Xcode/DerivedData/TigeHealthScope-clrlzxmelccmzsgnwqzvruwgpxod/Build/Intermediates.noindex/TigeHealthScope.build/Debug-iphonesimulator/TigeHealthScope.build/DerivedSources -Xcc -DDEBUG\=1 -no-auto-bridging-header-chaining -module-name TigeHealthScope -frontend-parseable-output -disable-clang-spi -target-sdk-version 26.2 -target-sdk-name iphonesimulator26.2 -clang-target arm64-apple-ios26.2-simulator -in-process-plugin-server-path /Applications/Xcode.app/Contents/Developer/Toolchains/XcodeDefault.xctoolchain/usr/lib/swift/host/libSwiftInProcPluginServer.dylib -o /Users/simonbakhanets/Library/Developer/Xcode/DerivedData/TigeHealthScope-clrlzxmelccmzsgnwqzvruwgpxod/Build/Intermediates.noindex/TigeHealthScope.build/Debug-iphonesimulator/TigeHealthScope.build/Objects-normal/arm64/HealthInsightsViewModel.o -o /Users/simonbakhanets/Library/Developer/Xcode/DerivedData/TigeHealthScope-clrlzxmelccmzsgnwqzvruwgpxod/Build/Intermediates.noindex/TigeHealthScope.build/Debug-iphonesimulator/TigeHealthScope.build/Objects-normal/arm64/OnboardingViewModel.o -index-unit-output-path /TigeHealthScope.build/Debug-iphonesimulator/TigeHealthScope.build/Objects-normal/arm64/HealthInsightsViewModel.o -index-unit-output-path /TigeHealthScope.build/Debug-iphonesimulator/TigeHealthScope.build/Objects-normal/arm64/OnboardingViewModel.o -index-store-path /Users/simonbakhanets/Library/Developer/Xcode/DerivedData/TigeHealthScope-clrlzxmelccmzsgnwqzvruwgpxod/Index.noindex/DataStore -index-system-modules

SwiftCompile normal arm64 /Users/simonbakhanets/IdeaProjects/TigeHealthScope/TigeHealthScope/ViewModels/HealthInsightsViewModel.swift (in target 'TigeHealthScope' from project 'TigeHealthScope')
    cd /Users/simonbakhanets/IdeaProjects/TigeHealthScope
    
<unknown>:0: error: static subscript 'subscript(_enclosingInstance:wrapped:storage:)' is not available due to missing import of defining module 'Combine'
/Users/simonbakhanets/IdeaProjects/TigeHealthScope/TigeHealthScope/ViewModels/OnboardingViewModel.swift:10:1: note: add import of module 'Combine'

^
<unknown>:0: error: static subscript 'subscript(_enclosingInstance:wrapped:storage:)' is not available due to missing import of defining module 'Combine'
/Users/simonbakhanets/IdeaProjects/TigeHealthScope/TigeHealthScope/ViewModels/OnboardingViewModel.swift:10:1: note: add import of module 'Combine'

^
<unknown>:0: error: static subscript 'subscript(_enclosingInstance:wrapped:storage:)' is not available due to missing import of defining module 'Combine'
/Users/simonbakhanets/IdeaProjects/TigeHealthScope/TigeHealthScope/ViewModels/OnboardingViewModel.swift:10:1: note: add import of module 'Combine'

^
<unknown>:0: error: static subscript 'subscript(_enclosingInstance:wrapped:storage:)' is not available due to missing import of defining module 'Combine'
/Users/simonbakhanets/IdeaProjects/TigeHealthScope/TigeHealthScope/ViewModels/OnboardingViewModel.swift:10:1: note: add import of module 'Combine'

^
<unknown>:0: error: static subscript 'subscript(_enclosingInstance:wrapped:storage:)' is not available due to missing import of defining module 'Combine'
/Users/simonbakhanets/IdeaProjects/TigeHealthScope/TigeHealthScope/ViewModels/OnboardingViewModel.swift:10:1: note: add import of module 'Combine'

^
<unknown>:0: error: static subscript 'subscript(_enclosingInstance:wrapped:storage:)' is not available due to missing import of defining module 'Combine'
/Users/simonbakhanets/IdeaProjects/TigeHealthScope/TigeHealthScope/ViewModels/OnboardingViewModel.swift:10:1: note: add import of module 'Combine'

^
<unknown>:0: error: static subscript 'subscript(_enclosingInstance:wrapped:storage:)' is not available due to missing import of defining module 'Combine'
/Users/simonbakhanets/IdeaProjects/TigeHealthScope/TigeHealthScope/ViewModels/OnboardingViewModel.swift:10:1: note: add import of module 'Combine'

^
<unknown>:0: error: static subscript 'subscript(_enclosingInstance:wrapped:storage:)' is not available due to missing import of defining module 'Combine'
/Users/simonbakhanets/IdeaProjects/TigeHealthScope/TigeHealthScope/ViewModels/OnboardingViewModel.swift:10:1: note: add import of module 'Combine'

^
<unknown>:0: error: static subscript 'subscript(_enclosingInstance:wrapped:storage:)' is not available due to missing import of defining module 'Combine'
/Users/simonbakhanets/IdeaProjects/TigeHealthScope/TigeHealthScope/ViewModels/OnboardingViewModel.swift:10:1: note: add import of module 'Combine'

^
<unknown>:0: error: static subscript 'subscript(_enclosingInstance:wrapped:storage:)' is not available due to missing import of defining module 'Combine'
/Users/simonbakhanets/IdeaProjects/TigeHealthScope/TigeHealthScope/ViewModels/OnboardingViewModel.swift:10:1: note: add import of module 'Combine'

^
<unknown>:0: error: static subscript 'subscript(_enclosingInstance:wrapped:storage:)' is not available due to missing import of defining module 'Combine'
/Users/simonbakhanets/IdeaProjects/TigeHealthScope/TigeHealthScope/ViewModels/OnboardingViewModel.swift:10:1: note: add import of module 'Combine'

^
<unknown>:0: error: static subscript 'subscript(_enclosingInstance:wrapped:storage:)' is not available due to missing import of defining module 'Combine'
/Users/simonbakhanets/IdeaProjects/TigeHealthScope/TigeHealthScope/ViewModels/OnboardingViewModel.swift:10:1: note: add import of module 'Combine'

^
<unknown>:0: error: static subscript 'subscript(_enclosingInstance:wrapped:storage:)' is not available due to missing import of defining module 'Combine'
/Users/simonbakhanets/IdeaProjects/TigeHealthScope/TigeHealthScope/ViewModels/OnboardingViewModel.swift:10:1: note: add import of module 'Combine'

^
<unknown>:0: error: static subscript 'subscript(_enclosingInstance:wrapped:storage:)' is not available due to missing import of defining module 'Combine'
/Users/simonbakhanets/IdeaProjects/TigeHealthScope/TigeHealthScope/ViewModels/OnboardingViewModel.swift:10:1: note: add import of module 'Combine'

^
<unknown>:0: error: static subscript 'subscript(_enclosingInstance:wrapped:storage:)' is not available due to missing import of defining module 'Combine'
/Users/simonbakhanets/IdeaProjects/TigeHealthScope/TigeHealthScope/ViewModels/OnboardingViewModel.swift:10:1: note: add import of module 'Combine'

^
<unknown>:0: error: static subscript 'subscript(_enclosingInstance:wrapped:storage:)' is not available due to missing import of defining module 'Combine'
/Users/simonbakhanets/IdeaProjects/TigeHealthScope/TigeHealthScope/ViewModels/OnboardingViewModel.swift:10:1: note: add import of module 'Combine'

^
<unknown>:0: error: static subscript 'subscript(_enclosingInstance:wrapped:storage:)' is not available due to missing import of defining module 'Combine'
/Users/simonbakhanets/IdeaProjects/TigeHealthScope/TigeHealthScope/ViewModels/OnboardingViewModel.swift:10:1: note: add import of module 'Combine'

^
<unknown>:0: error: static subscript 'subscript(_enclosingInstance:wrapped:storage:)' is not available due to missing import of defining module 'Combine'
/Users/simonbakhanets/IdeaProjects/TigeHealthScope/TigeHealthScope/ViewModels/OnboardingViewModel.swift:10:1: note: add import of module 'Combine'

^
<unknown>:0: error: static subscript 'subscript(_enclosingInstance:wrapped:storage:)' is not available due to missing import of defining module 'Combine'
/Users/simonbakhanets/IdeaProjects/TigeHealthScope/TigeHealthScope/ViewModels/OnboardingViewModel.swift:10:1: note: add import of module 'Combine'

^
<unknown>:0: error: static subscript 'subscript(_enclosingInstance:wrapped:storage:)' is not available due to missing import of defining module 'Combine'
/Users/simonbakhanets/IdeaProjects/TigeHealthScope/TigeHealthScope/ViewModels/OnboardingViewModel.swift:10:1: note: add import of module 'Combine'

^
<unknown>:0: error: static subscript 'subscript(_enclosingInstance:wrapped:storage:)' is not available due to missing import of defining module 'Combine'
/Users/simonbakhanets/IdeaProjects/TigeHealthScope/TigeHealthScope/ViewModels/OnboardingViewModel.swift:10:1: note: add import of module 'Combine'

^
<unknown>:0: error: static subscript 'subscript(_enclosingInstance:wrapped:storage:)' is not available due to missing import of defining module 'Combine'
/Users/simonbakhanets/IdeaProjects/TigeHealthScope/TigeHealthScope/ViewModels/OnboardingViewModel.swift:10:1: note: add import of module 'Combine'

^
<unknown>:0: error: static subscript 'subscript(_enclosingInstance:wrapped:storage:)' is not available due to missing import of defining module 'Combine'
/Users/simonbakhanets/IdeaProjects/TigeHealthScope/TigeHealthScope/ViewModels/OnboardingViewModel.swift:10:1: note: add import of module 'Combine'

^
<unknown>:0: error: static subscript 'subscript(_enclosingInstance:wrapped:storage:)' is not available due to missing import of defining module 'Combine'
/Users/simonbakhanets/IdeaProjects/TigeHealthScope/TigeHealthScope/ViewModels/OnboardingViewModel.swift:10:1: note: add import of module 'Combine'

^
<unknown>:0: error: static subscript 'subscript(_enclosingInstance:wrapped:storage:)' is not available due to missing import of defining module 'Combine'
/Users/simonbakhanets/IdeaProjects/TigeHealthScope/TigeHealthScope/ViewModels/OnboardingViewModel.swift:10:1: note: add import of module 'Combine'

^
<unknown>:0: error: static subscript 'subscript(_enclosingInstance:wrapped:storage:)' is not available due to missing import of defining module 'Combine'
/Users/simonbakhanets/IdeaProjects/TigeHealthScope/TigeHealthScope/ViewModels/OnboardingViewModel.swift:10:1: note: add import of module 'Combine'

^
<unknown>:0: error: static subscript 'subscript(_enclosingInstance:wrapped:storage:)' is not available due to missing import of defining module 'Combine'
/Users/simonbakhanets/IdeaProjects/TigeHealthScope/TigeHealthScope/ViewModels/OnboardingViewModel.swift:10:1: note: add import of module 'Combine'

^
<unknown>:0: error: static subscript 'subscript(_enclosingInstance:wrapped:storage:)' is not available due to missing import of defining module 'Combine'
/Users/simonbakhanets/IdeaProjects/TigeHealthScope/TigeHealthScope/ViewModels/OnboardingViewModel.swift:10:1: note: add import of module 'Combine'

^
<unknown>:0: error: static subscript 'subscript(_enclosingInstance:wrapped:storage:)' is not available due to missing import of defining module 'Combine'
/Users/simonbakhanets/IdeaProjects/TigeHealthScope/TigeHealthScope/ViewModels/OnboardingViewModel.swift:10:1: note: add import of module 'Combine'

^
<unknown>:0: error: static subscript 'subscript(_enclosingInstance:wrapped:storage:)' is not available due to missing import of defining module 'Combine'
/Users/simonbakhanets/IdeaProjects/TigeHealthScope/TigeHealthScope/ViewModels/OnboardingViewModel.swift:10:1: note: add import of module 'Combine'

^
<unknown>:0: error: static subscript 'subscript(_enclosingInstance:wrapped:storage:)' is not available due to missing import of defining module 'Combine'
/Users/simonbakhanets/IdeaProjects/TigeHealthScope/TigeHealthScope/ViewModels/OnboardingViewModel.swift:10:1: note: add import of module 'Combine'

^
<unknown>:0: error: static subscript 'subscript(_enclosingInstance:wrapped:storage:)' is not available due to missing import of defining module 'Combine'
/Users/simonbakhanets/IdeaProjects/TigeHealthScope/TigeHealthScope/ViewModels/OnboardingViewModel.swift:10:1: note: add import of module 'Combine'

^
<unknown>:0: error: static subscript 'subscript(_enclosingInstance:wrapped:storage:)' is not available due to missing import of defining module 'Combine'
/Users/simonbakhanets/IdeaProjects/TigeHealthScope/TigeHealthScope/ViewModels/OnboardingViewModel.swift:10:1: note: add import of module 'Combine'

^
<unknown>:0: error: static subscript 'subscript(_enclosingInstance:wrapped:storage:)' is not available due to missing import of defining module 'Combine'
/Users/simonbakhanets/IdeaProjects/TigeHealthScope/TigeHealthScope/ViewModels/OnboardingViewModel.swift:10:1: note: add import of module 'Combine'

^
<unknown>:0: error: static subscript 'subscript(_enclosingInstance:wrapped:storage:)' is not available due to missing import of defining module 'Combine'
/Users/simonbakhanets/IdeaProjects/TigeHealthScope/TigeHealthScope/ViewModels/OnboardingViewModel.swift:10:1: note: add import of module 'Combine'

^
<unknown>:0: error: static subscript 'subscript(_enclosingInstance:wrapped:storage:)' is not available due to missing import of defining module 'Combine'
/Users/simonbakhanets/IdeaProjects/TigeHealthScope/TigeHealthScope/ViewModels/OnboardingViewModel.swift:10:1: note: add import of module 'Combine'

^

SwiftCompile normal arm64 /Users/simonbakhanets/IdeaProjects/TigeHealthScope/TigeHealthScope/ViewModels/OnboardingViewModel.swift (in target 'TigeHealthScope' from project 'TigeHealthScope')
    cd /Users/simonbakhanets/IdeaProjects/TigeHealthScope
    
/Users/simonbakhanets/IdeaProjects/TigeHealthScope/TigeHealthScope/ViewModels/OnboardingViewModel.swift:11:7: error: type 'OnboardingViewModel' does not conform to protocol 'ObservableObject'
class OnboardingViewModel: ObservableObject {
      ^
/Users/simonbakhanets/IdeaProjects/TigeHealthScope/TigeHealthScope/ViewModels/OnboardingViewModel.swift:11:7: note: add stubs for conformance
class OnboardingViewModel: ObservableObject {
      ^
Combine.ObservableObject.objectWillChange:2:5: note: protocol requires property 'objectWillChange' with type 'Self.ObjectWillChangePublisher'
var objectWillChange: Self.ObjectWillChangePublisher { get }}
    ^
<unknown>:0: error: static subscript 'subscript(_enclosingInstance:wrapped:storage:)' is not available due to missing import of defining module 'Combine'
/Users/simonbakhanets/IdeaProjects/TigeHealthScope/TigeHealthScope/ViewModels/OnboardingViewModel.swift:10:1: note: add import of module 'Combine'

^
<unknown>:0: error: static subscript 'subscript(_enclosingInstance:wrapped:storage:)' is not available due to missing import of defining module 'Combine'
/Users/simonbakhanets/IdeaProjects/TigeHealthScope/TigeHealthScope/ViewModels/OnboardingViewModel.swift:10:1: note: add import of module 'Combine'

^
<unknown>:0: error: static subscript 'subscript(_enclosingInstance:wrapped:storage:)' is not available due to missing import of defining module 'Combine'
/Users/simonbakhanets/IdeaProjects/TigeHealthScope/TigeHealthScope/ViewModels/OnboardingViewModel.swift:10:1: note: add import of module 'Combine'

^
<unknown>:0: error: static subscript 'subscript(_enclosingInstance:wrapped:storage:)' is not available due to missing import of defining module 'Combine'
/Users/simonbakhanets/IdeaProjects/TigeHealthScope/TigeHealthScope/ViewModels/OnboardingViewModel.swift:10:1: note: add import of module 'Combine'

^
<unknown>:0: error: static subscript 'subscript(_enclosingInstance:wrapped:storage:)' is not available due to missing import of defining module 'Combine'
/Users/simonbakhanets/IdeaProjects/TigeHealthScope/TigeHealthScope/ViewModels/OnboardingViewModel.swift:10:1: note: add import of module 'Combine'

^
<unknown>:0: error: static subscript 'subscript(_enclosingInstance:wrapped:storage:)' is not available due to missing import of defining module 'Combine'
/Users/simonbakhanets/IdeaProjects/TigeHealthScope/TigeHealthScope/ViewModels/OnboardingViewModel.swift:10:1: note: add import of module 'Combine'

^
<unknown>:0: error: static subscript 'subscript(_enclosingInstance:wrapped:storage:)' is not available due to missing import of defining module 'Combine'
/Users/simonbakhanets/IdeaProjects/TigeHealthScope/TigeHealthScope/ViewModels/OnboardingViewModel.swift:10:1: note: add import of module 'Combine'

^
<unknown>:0: error: static subscript 'subscript(_enclosingInstance:wrapped:storage:)' is not available due to missing import of defining module 'Combine'
/Users/simonbakhanets/IdeaProjects/TigeHealthScope/TigeHealthScope/ViewModels/OnboardingViewModel.swift:10:1: note: add import of module 'Combine'

^
<unknown>:0: error: static subscript 'subscript(_enclosingInstance:wrapped:storage:)' is not available due to missing import of defining module 'Combine'
/Users/simonbakhanets/IdeaProjects/TigeHealthScope/TigeHealthScope/ViewModels/OnboardingViewModel.swift:10:1: note: add import of module 'Combine'

^
<unknown>:0: error: static subscript 'subscript(_enclosingInstance:wrapped:storage:)' is not available due to missing import of defining module 'Combine'
/Users/simonbakhanets/IdeaProjects/TigeHealthScope/TigeHealthScope/ViewModels/OnboardingViewModel.swift:10:1: note: add import of module 'Combine'

^
<unknown>:0: error: static subscript 'subscript(_enclosingInstance:wrapped:storage:)' is not available due to missing import of defining module 'Combine'
/Users/simonbakhanets/IdeaProjects/TigeHealthScope/TigeHealthScope/ViewModels/OnboardingViewModel.swift:10:1: note: add import of module 'Combine'

^
<unknown>:0: error: static subscript 'subscript(_enclosingInstance:wrapped:storage:)' is not available due to missing import of defining module 'Combine'
/Users/simonbakhanets/IdeaProjects/TigeHealthScope/TigeHealthScope/ViewModels/OnboardingViewModel.swift:10:1: note: add import of module 'Combine'

^
<unknown>:0: error: static subscript 'subscript(_enclosingInstance:wrapped:storage:)' is not available due to missing import of defining module 'Combine'
/Users/simonbakhanets/IdeaProjects/TigeHealthScope/TigeHealthScope/ViewModels/OnboardingViewModel.swift:10:1: note: add import of module 'Combine'

^
<unknown>:0: error: static subscript 'subscript(_enclosingInstance:wrapped:storage:)' is not available due to missing import of defining module 'Combine'
/Users/simonbakhanets/IdeaProjects/TigeHealthScope/TigeHealthScope/ViewModels/OnboardingViewModel.swift:10:1: note: add import of module 'Combine'

^
<unknown>:0: error: static subscript 'subscript(_enclosingInstance:wrapped:storage:)' is not available due to missing import of defining module 'Combine'
/Users/simonbakhanets/IdeaProjects/TigeHealthScope/TigeHealthScope/ViewModels/OnboardingViewModel.swift:10:1: note: add import of module 'Combine'

^
<unknown>:0: error: static subscript 'subscript(_enclosingInstance:wrapped:storage:)' is not available due to missing import of defining module 'Combine'
/Users/simonbakhanets/IdeaProjects/TigeHealthScope/TigeHealthScope/ViewModels/OnboardingViewModel.swift:10:1: note: add import of module 'Combine'

^
<unknown>:0: error: static subscript 'subscript(_enclosingInstance:wrapped:storage:)' is not available due to missing import of defining module 'Combine'
/Users/simonbakhanets/IdeaProjects/TigeHealthScope/TigeHealthScope/ViewModels/OnboardingViewModel.swift:10:1: note: add import of module 'Combine'

^
<unknown>:0: error: static subscript 'subscript(_enclosingInstance:wrapped:storage:)' is not available due to missing import of defining module 'Combine'
/Users/simonbakhanets/IdeaProjects/TigeHealthScope/TigeHealthScope/ViewModels/OnboardingViewModel.swift:10:1: note: add import of module 'Combine'

^
<unknown>:0: error: static subscript 'subscript(_enclosingInstance:wrapped:storage:)' is not available due to missing import of defining module 'Combine'
/Users/simonbakhanets/IdeaProjects/TigeHealthScope/TigeHealthScope/ViewModels/OnboardingViewModel.swift:10:1: note: add import of module 'Combine'

^
<unknown>:0: error: static subscript 'subscript(_enclosingInstance:wrapped:storage:)' is not available due to missing import of defining module 'Combine'
/Users/simonbakhanets/IdeaProjects/TigeHealthScope/TigeHealthScope/ViewModels/OnboardingViewModel.swift:10:1: note: add import of module 'Combine'

^
<unknown>:0: error: static subscript 'subscript(_enclosingInstance:wrapped:storage:)' is not available due to missing import of defining module 'Combine'
/Users/simonbakhanets/IdeaProjects/TigeHealthScope/TigeHealthScope/ViewModels/OnboardingViewModel.swift:10:1: note: add import of module 'Combine'

^
<unknown>:0: error: static subscript 'subscript(_enclosingInstance:wrapped:storage:)' is not available due to missing import of defining module 'Combine'
/Users/simonbakhanets/IdeaProjects/TigeHealthScope/TigeHealthScope/ViewModels/OnboardingViewModel.swift:10:1: note: add import of module 'Combine'

^
<unknown>:0: error: static subscript 'subscript(_enclosingInstance:wrapped:storage:)' is not available due to missing import of defining module 'Combine'
/Users/simonbakhanets/IdeaProjects/TigeHealthScope/TigeHealthScope/ViewModels/OnboardingViewModel.swift:10:1: note: add import of module 'Combine'

^
<unknown>:0: error: static subscript 'subscript(_enclosingInstance:wrapped:storage:)' is not available due to missing import of defining module 'Combine'
/Users/simonbakhanets/IdeaProjects/TigeHealthScope/TigeHealthScope/ViewModels/OnboardingViewModel.swift:10:1: note: add import of module 'Combine'

^
<unknown>:0: error: static subscript 'subscript(_enclosingInstance:wrapped:storage:)' is not available due to missing import of defining module 'Combine'
/Users/simonbakhanets/IdeaProjects/TigeHealthScope/TigeHealthScope/ViewModels/OnboardingViewModel.swift:10:1: note: add import of module 'Combine'

^
<unknown>:0: error: static subscript 'subscript(_enclosingInstance:wrapped:storage:)' is not available due to missing import of defining module 'Combine'
/Users/simonbakhanets/IdeaProjects/TigeHealthScope/TigeHealthScope/ViewModels/OnboardingViewModel.swift:10:1: note: add import of module 'Combine'

^
<unknown>:0: error: static subscript 'subscript(_enclosingInstance:wrapped:storage:)' is not available due to missing import of defining module 'Combine'
/Users/simonbakhanets/IdeaProjects/TigeHealthScope/TigeHealthScope/ViewModels/OnboardingViewModel.swift:10:1: note: add import of module 'Combine'

^
<unknown>:0: error: static subscript 'subscript(_enclosingInstance:wrapped:storage:)' is not available due to missing import of defining module 'Combine'
/Users/simonbakhanets/IdeaProjects/TigeHealthScope/TigeHealthScope/ViewModels/OnboardingViewModel.swift:10:1: note: add import of module 'Combine'

^
<unknown>:0: error: static subscript 'subscript(_enclosingInstance:wrapped:storage:)' is not available due to missing import of defining module 'Combine'
/Users/simonbakhanets/IdeaProjects/TigeHealthScope/TigeHealthScope/ViewModels/OnboardingViewModel.swift:10:1: note: add import of module 'Combine'

^
<unknown>:0: error: static subscript 'subscript(_enclosingInstance:wrapped:storage:)' is not available due to missing import of defining module 'Combine'
/Users/simonbakhanets/IdeaProjects/TigeHealthScope/TigeHealthScope/ViewModels/OnboardingViewModel.swift:10:1: note: add import of module 'Combine'

^
<unknown>:0: error: static subscript 'subscript(_enclosingInstance:wrapped:storage:)' is not available due to missing import of defining module 'Combine'
/Users/simonbakhanets/IdeaProjects/TigeHealthScope/TigeHealthScope/ViewModels/OnboardingViewModel.swift:10:1: note: add import of module 'Combine'

^
<unknown>:0: error: static subscript 'subscript(_enclosingInstance:wrapped:storage:)' is not available due to missing import of defining module 'Combine'
/Users/simonbakhanets/IdeaProjects/TigeHealthScope/TigeHealthScope/ViewModels/OnboardingViewModel.swift:10:1: note: add import of module 'Combine'

^
<unknown>:0: error: static subscript 'subscript(_enclosingInstance:wrapped:storage:)' is not available due to missing import of defining module 'Combine'
/Users/simonbakhanets/IdeaProjects/TigeHealthScope/TigeHealthScope/ViewModels/OnboardingViewModel.swift:10:1: note: add import of module 'Combine'

^
<unknown>:0: error: static subscript 'subscript(_enclosingInstance:wrapped:storage:)' is not available due to missing import of defining module 'Combine'
/Users/simonbakhanets/IdeaProjects/TigeHealthScope/TigeHealthScope/ViewModels/OnboardingViewModel.swift:10:1: note: add import of module 'Combine'

^
<unknown>:0: error: static subscript 'subscript(_enclosingInstance:wrapped:storage:)' is not available due to missing import of defining module 'Combine'
/Users/simonbakhanets/IdeaProjects/TigeHealthScope/TigeHealthScope/ViewModels/OnboardingViewModel.swift:10:1: note: add import of module 'Combine'

^
<unknown>:0: error: static subscript 'subscript(_enclosingInstance:wrapped:storage:)' is not available due to missing import of defining module 'Combine'
/Users/simonbakhanets/IdeaProjects/TigeHealthScope/TigeHealthScope/ViewModels/OnboardingViewModel.swift:10:1: note: add import of module 'Combine'

^
/Users/simonbakhanets/IdeaProjects/TigeHealthScope/TigeHealthScope/ViewModels/OnboardingViewModel.swift:12:6: error: initializer 'init(wrappedValue:)' is not available due to missing import of defining module 'Combine'
    @Published var currentStep = 0
     ^
/Users/simonbakhanets/IdeaProjects/TigeHealthScope/TigeHealthScope/ViewModels/OnboardingViewModel.swift:10:1: note: add import of module 'Combine'

^
/Users/simonbakhanets/IdeaProjects/TigeHealthScope/TigeHealthScope/ViewModels/OnboardingViewModel.swift:13:6: error: initializer 'init(wrappedValue:)' is not available due to missing import of defining module 'Combine'
    @Published var userName = ""
     ^
/Users/simonbakhanets/IdeaProjects/TigeHealthScope/TigeHealthScope/ViewModels/OnboardingViewModel.swift:10:1: note: add import of module 'Combine'

^
/Users/simonbakhanets/IdeaProjects/TigeHealthScope/TigeHealthScope/ViewModels/OnboardingViewModel.swift:14:6: error: initializer 'init(wrappedValue:)' is not available due to missing import of defining module 'Combine'
    @Published var userAge = ""
     ^
/Users/simonbakhanets/IdeaProjects/TigeHealthScope/TigeHealthScope/ViewModels/OnboardingViewModel.swift:10:1: note: add import of module 'Combine'

^
/Users/simonbakhanets/IdeaProjects/TigeHealthScope/TigeHealthScope/ViewModels/OnboardingViewModel.swift:15:6: error: initializer 'init(wrappedValue:)' is not available due to missing import of defining module 'Combine'
    @Published var userEmail = ""
     ^
/Users/simonbakhanets/IdeaProjects/TigeHealthScope/TigeHealthScope/ViewModels/OnboardingViewModel.swift:10:1: note: add import of module 'Combine'

^
/Users/simonbakhanets/IdeaProjects/TigeHealthScope/TigeHealthScope/ViewModels/OnboardingViewModel.swift:16:6: error: initializer 'init(wrappedValue:)' is not available due to missing import of defining module 'Combine'
    @Published var showingError = false
     ^
/Users/simonbakhanets/IdeaProjects/TigeHealthScope/TigeHealthScope/ViewModels/OnboardingViewModel.swift:10:1: note: add import of module 'Combine'

^
/Users/simonbakhanets/IdeaProjects/TigeHealthScope/TigeHealthScope/ViewModels/OnboardingViewModel.swift:17:6: error: initializer 'init(wrappedValue:)' is not available due to missing import of defining module 'Combine'
    @Published var errorMessage = ""
     ^
/Users/simonbakhanets/IdeaProjects/TigeHealthScope/TigeHealthScope/ViewModels/OnboardingViewModel.swift:10:1: note: add import of module 'Combine'

^

SwiftEmitModule normal arm64 Emitting\ module\ for\ TigeHealthScope (in target 'TigeHealthScope' from project 'TigeHealthScope')
Failed frontend command:
/Applications/Xcode.app/Contents/Developer/Toolchains/XcodeDefault.xctoolchain/usr/bin/swift-frontend -frontend -emit-module -experimental-skip-non-inlinable-function-bodies-without-types /Users/simonbakhanets/IdeaProjects/TigeHealthScope/TigeHealthScope/Models/SymptomModel.swift /Users/simonbakhanets/IdeaProjects/TigeHealthScope/TigeHealthScope/Models/UserModel.swift /Users/simonbakhanets/IdeaProjects/TigeHealthScope/TigeHealthScope/Resources/Colors.swift /Users/simonbakhanets/IdeaProjects/TigeHealthScope/TigeHealthScope/Services/HealthDataService.swift /Users/simonbakhanets/IdeaProjects/TigeHealthScope/TigeHealthScope/Services/SymptomAnalysisService.swift /Users/simonbakhanets/IdeaProjects/TigeHealthScope/TigeHealthScope/Utilities/AppStorageManager.swift /Users/simonbakhanets/IdeaProjects/TigeHealthScope/TigeHealthScope/ViewModels/HealthInsightsViewModel.swift /Users/simonbakhanets/IdeaProjects/TigeHealthScope/TigeHealthScope/ViewModels/OnboardingViewModel.swift /Users/simonbakhanets/IdeaProjects/TigeHealthScope/TigeHealthScope/ViewModels/SymptomTrackerViewModel.swift /Users/simonbakhanets/IdeaProjects/TigeHealthScope/TigeHealthScope/Views/HealthInsightsView.swift /Users/simonbakhanets/IdeaProjects/TigeHealthScope/TigeHealthScope/Views/OnboardingView.swift /Users/simonbakhanets/IdeaProjects/TigeHealthScope/TigeHealthScope/Views/SettingsView.swift /Users/simonbakhanets/IdeaProjects/TigeHealthScope/TigeHealthScope/Views/SymptomTrackerView.swift /Users/simonbakhanets/IdeaProjects/TigeHealthScope/TigeHealthScope/ContentView.swift /Users/simonbakhanets/IdeaProjects/TigeHealthScope/TigeHealthScope/TigeHealthScopeApp.swift /Users/simonbakhanets/Library/Developer/Xcode/DerivedData/TigeHealthScope-clrlzxmelccmzsgnwqzvruwgpxod/Build/Intermediates.noindex/TigeHealthScope.build/Debug-iphonesimulator/TigeHealthScope.build/DerivedSources/GeneratedAssetSymbols.swift -target arm64-apple-ios15.6-simulator -module-can-import-version DeveloperToolsSupport 23.0.4 23.0.4 -module-can-import-version SwiftUI 7.2.5.1 7.2.5 -module-can-import-version UIKit 9126.2.4.1 9126.2.4 -load-resolved-plugin /Applications/Xcode.app/Contents/Developer/Platforms/iPhoneOS.platform/Developer/usr/lib/swift/host/plugins/libFoundationMacros.dylib\#/Applications/Xcode.app/Contents/Developer/Platforms/iPhoneOS.platform/Developer/usr/bin/swift-plugin-server\#FoundationMacros -load-resolved-plugin /Applications/Xcode.app/Contents/Developer/Platforms/iPhoneOS.platform/Developer/usr/lib/swift/host/plugins/libObservationMacros.dylib\#/Applications/Xcode.app/Contents/Developer/Platforms/iPhoneOS.platform/Developer/usr/bin/swift-plugin-server\#ObservationMacros -load-resolved-plugin /Applications/Xcode.app/Contents/Developer/Platforms/iPhoneOS.platform/Developer/usr/lib/swift/host/plugins/libPreviewsMacros.dylib\#/Applications/Xcode.app/Contents/Developer/Platforms/iPhoneOS.platform/Developer/usr/bin/swift-plugin-server\#PreviewsMacros -load-resolved-plugin /Applications/Xcode.app/Contents/Developer/Platforms/iPhoneOS.platform/Developer/usr/lib/swift/host/plugins/libSwiftMacros.dylib\#/Applications/Xcode.app/Contents/Developer/Platforms/iPhoneOS.platform/Developer/usr/bin/swift-plugin-server\#SwiftMacros -load-resolved-plugin /Applications/Xcode.app/Contents/Developer/Platforms/iPhoneOS.platform/Developer/usr/lib/swift/host/plugins/libSwiftUIMacros.dylib\#/Applications/Xcode.app/Contents/Developer/Platforms/iPhoneOS.platform/Developer/usr/bin/swift-plugin-server\#SwiftUIMacros -disable-implicit-swift-modules -Xcc -fno-implicit-modules -Xcc -fno-implicit-module-maps -explicit-swift-module-map-file /Users/simonbakhanets/Library/Developer/Xcode/DerivedData/TigeHealthScope-clrlzxmelccmzsgnwqzvruwgpxod/Build/Intermediates.noindex/TigeHealthScope.build/Debug-iphonesimulator/TigeHealthScope.build/Objects-normal/arm64/TigeHealthScope-dependencies-1.json -Xllvm -aarch64-use-tbi -enable-objc-interop -sdk /Applications/Xcode.app/Contents/Developer/Platforms/iPhoneSimulator.platform/Developer/SDKs/iPhoneSimulator26.2.sdk -I /Users/simonbakhanets/Library/Developer/Xcode/DerivedData/TigeHealthScope-clrlzxmelccmzsgnwqzvruwgpxod/Build/Products/Debug-iphonesimulator -F /Users/simonbakhanets/Library/Developer/Xcode/DerivedData/TigeHealthScope-clrlzxmelccmzsgnwqzvruwgpxod/Build/Products/Debug-iphonesimulator -no-color-diagnostics -Xcc -fno-color-diagnostics -enable-testing -g -debug-info-format\=dwarf -dwarf-version\=4 -module-cache-path /Users/simonbakhanets/Library/Developer/Xcode/DerivedData/TigeHealthScope-clrlzxmelccmzsgnwqzvruwgpxod/Build/Intermediates.noindex/SwiftExplicitPrecompiledModules -profile-generate -profile-coverage-mapping -swift-version 5 -enforce-exclusivity\=checked -Onone -D DEBUG -serialize-debugging-options -const-gather-protocols-file /Users/simonbakhanets/Library/Developer/Xcode/DerivedData/TigeHealthScope-clrlzxmelccmzsgnwqzvruwgpxod/Build/Intermediates.noindex/TigeHealthScope.build/Debug-iphonesimulator/TigeHealthScope.build/Objects-normal/arm64/TigeHealthScope_const_extract_protocols.json -enable-upcoming-feature DisableOutwardActorInference -enable-upcoming-feature InferSendableFromCaptures -enable-upcoming-feature GlobalActorIsolatedTypesUsability -enable-upcoming-feature MemberImportVisibility -enable-upcoming-feature InferIsolatedConformances -enable-upcoming-feature NonisolatedNonsendingByDefault -enable-experimental-feature DebugDescriptionMacro -enable-bare-slash-regex -default-isolation\=MainActor -empty-abi-descriptor -validate-clang-modules-once -clang-build-session-file /Users/simonbakhanets/Library/Developer/Xcode/DerivedData/ModuleCache.noindex/Session.modulevalidation -Xcc -working-directory -Xcc /Users/simonbakhanets/IdeaProjects/TigeHealthScope -enable-anonymous-context-mangled-names -file-compilation-dir /Users/simonbakhanets/IdeaProjects/TigeHealthScope -Xcc -D_LIBCPP_HARDENING_MODE\=_LIBCPP_HARDENING_MODE_DEBUG -Xcc -ivfsstatcache -Xcc /Users/simonbakhanets/Library/Developer/Xcode/DerivedData/SDKStatCaches.noindex/iphonesimulator26.2-23C53-7d00a8b37fbd7999ea79df8ebc024bf0.sdkstatcache -Xcc -I/Users/simonbakhanets/Library/Developer/Xcode/DerivedData/TigeHealthScope-clrlzxmelccmzsgnwqzvruwgpxod/Build/Intermediates.noindex/TigeHealthScope.build/Debug-iphonesimulator/TigeHealthScope.build/swift-overrides.hmap -Xcc -iquote -Xcc /Users/simonbakhanets/Library/Developer/Xcode/DerivedData/TigeHealthScope-clrlzxmelccmzsgnwqzvruwgpxod/Build/Intermediates.noindex/TigeHealthScope.build/Debug-iphonesimulator/TigeHealthScope.build/TigeHealthScope-generated-files.hmap -Xcc -I/Users/simonbakhanets/Library/Developer/Xcode/DerivedData/TigeHealthScope-clrlzxmelccmzsgnwqzvruwgpxod/Build/Intermediates.noindex/TigeHealthScope.build/Debug-iphonesimulator/TigeHealthScope.build/TigeHealthScope-own-target-headers.hmap -Xcc -I/Users/simonbakhanets/Library/Developer/Xcode/DerivedData/TigeHealthScope-clrlzxmelccmzsgnwqzvruwgpxod/Build/Intermediates.noindex/TigeHealthScope.build/Debug-iphonesimulator/TigeHealthScope.build/TigeHealthScope-all-target-headers.hmap -Xcc -iquote -Xcc /Users/simonbakhanets/Library/Developer/Xcode/DerivedData/TigeHealthScope-clrlzxmelccmzsgnwqzvruwgpxod/Build/Intermediates.noindex/TigeHealthScope.build/Debug-iphonesimulator/TigeHealthScope.build/TigeHealthScope-project-headers.hmap -Xcc -I/Users/simonbakhanets/Library/Developer/Xcode/DerivedData/TigeHealthScope-clrlzxmelccmzsgnwqzvruwgpxod/Build/Products/Debug-iphonesimulator/include -Xcc -I/Users/simonbakhanets/Library/Developer/Xcode/DerivedData/TigeHealthScope-clrlzxmelccmzsgnwqzvruwgpxod/Build/Intermediates.noindex/TigeHealthScope.build/Debug-iphonesimulator/TigeHealthScope.build/DerivedSources-normal/arm64 -Xcc -I/Users/simonbakhanets/Library/Developer/Xcode/DerivedData/TigeHealthScope-clrlzxmelccmzsgnwqzvruwgpxod/Build/Intermediates.noindex/TigeHealthScope.build/Debug-iphonesimulator/TigeHealthScope.build/DerivedSources/arm64 -Xcc -I/Users/simonbakhanets/Library/Developer/Xcode/DerivedData/TigeHealthScope-clrlzxmelccmzsgnwqzvruwgpxod/Build/Intermediates.noindex/TigeHealthScope.build/Debug-iphonesimulator/TigeHealthScope.build/DerivedSources -Xcc -DDEBUG\=1 -no-auto-bridging-header-chaining -module-name TigeHealthScope -frontend-parseable-output -disable-clang-spi -target-sdk-version 26.2 -target-sdk-name iphonesimulator26.2 -clang-target arm64-apple-ios26.2-simulator -in-process-plugin-server-path /Applications/Xcode.app/Contents/Developer/Toolchains/XcodeDefault.xctoolchain/usr/lib/swift/host/libSwiftInProcPluginServer.dylib -emit-module-doc-path /Users/simonbakhanets/Library/Developer/Xcode/DerivedData/TigeHealthScope-clrlzxmelccmzsgnwqzvruwgpxod/Build/Intermediates.noindex/TigeHealthScope.build/Debug-iphonesimulator/TigeHealthScope.build/Objects-normal/arm64/TigeHealthScope.swiftdoc -emit-module-source-info-path /Users/simonbakhanets/Library/Developer/Xcode/DerivedData/TigeHealthScope-clrlzxmelccmzsgnwqzvruwgpxod/Build/Intermediates.noindex/TigeHealthScope.build/Debug-iphonesimulator/TigeHealthScope.build/Objects-normal/arm64/TigeHealthScope.swiftsourceinfo -emit-objc-header-path /Users/simonbakhanets/Library/Developer/Xcode/DerivedData/TigeHealthScope-clrlzxmelccmzsgnwqzvruwgpxod/Build/Intermediates.noindex/TigeHealthScope.build/Debug-iphonesimulator/TigeHealthScope.build/Objects-normal/arm64/TigeHealthScope-Swift.h -serialize-diagnostics-path /Users/simonbakhanets/Library/Developer/Xcode/DerivedData/TigeHealthScope-clrlzxmelccmzsgnwqzvruwgpxod/Build/Intermediates.noindex/TigeHealthScope.build/Debug-iphonesimulator/TigeHealthScope.build/Objects-normal/arm64/TigeHealthScope-primary-emit-module.dia -emit-dependencies-path /Users/simonbakhanets/Library/Developer/Xcode/DerivedData/TigeHealthScope-clrlzxmelccmzsgnwqzvruwgpxod/Build/Intermediates.noindex/TigeHealthScope.build/Debug-iphonesimulator/TigeHealthScope.build/Objects-normal/arm64/TigeHealthScope-primary-emit-module.d -o /Users/simonbakhanets/Library/Developer/Xcode/DerivedData/TigeHealthScope-clrlzxmelccmzsgnwqzvruwgpxod/Build/Intermediates.noindex/TigeHealthScope.build/Debug-iphonesimulator/TigeHealthScope.build/Objects-normal/arm64/TigeHealthScope.swiftmodule -emit-abi-descriptor-path /Users/simonbakhanets/Library/Developer/Xcode/DerivedData/TigeHealthScope-clrlzxmelccmzsgnwqzvruwgpxod/Build/Intermediates.noindex/TigeHealthScope.build/Debug-iphonesimulator/TigeHealthScope.build/Objects-normal/arm64/TigeHealthScope.abi.json

EmitSwiftModule normal arm64 (in target 'TigeHealthScope' from project 'TigeHealthScope')
    cd /Users/simonbakhanets/IdeaProjects/TigeHealthScope
    
/Users/simonbakhanets/IdeaProjects/TigeHealthScope/TigeHealthScope/Utilities/AppStorageManager.swift:11:7: error: type 'AppStorageManager' does not conform to protocol 'ObservableObject'
class AppStorageManager: ObservableObject {
      ^
/Users/simonbakhanets/IdeaProjects/TigeHealthScope/TigeHealthScope/Utilities/AppStorageManager.swift:11:7: note: add stubs for conformance
class AppStorageManager: ObservableObject {
      ^
Combine.ObservableObject.objectWillChange:2:5: note: protocol requires property 'objectWillChange' with type 'Self.ObjectWillChangePublisher'
var objectWillChange: Self.ObjectWillChangePublisher { get }}
    ^
/Users/simonbakhanets/IdeaProjects/TigeHealthScope/TigeHealthScope/ViewModels/OnboardingViewModel.swift:11:7: error: type 'OnboardingViewModel' does not conform to protocol 'ObservableObject'
class OnboardingViewModel: ObservableObject {
      ^
/Users/simonbakhanets/IdeaProjects/TigeHealthScope/TigeHealthScope/ViewModels/OnboardingViewModel.swift:11:7: note: add stubs for conformance
class OnboardingViewModel: ObservableObject {
      ^
Combine.ObservableObject.objectWillChange:2:5: note: protocol requires property 'objectWillChange' with type 'Self.ObjectWillChangePublisher'
var objectWillChange: Self.ObjectWillChangePublisher { get }}
    ^
/Users/simonbakhanets/IdeaProjects/TigeHealthScope/TigeHealthScope/ViewModels/OnboardingViewModel.swift:12:6: error: initializer 'init(wrappedValue:)' is not available due to missing import of defining module 'Combine'
    @Published var currentStep = 0
     ^
/Users/simonbakhanets/IdeaProjects/TigeHealthScope/TigeHealthScope/ViewModels/OnboardingViewModel.swift:10:1: note: add import of module 'Combine'

^
/Users/simonbakhanets/IdeaProjects/TigeHealthScope/TigeHealthScope/ViewModels/OnboardingViewModel.swift:13:6: error: initializer 'init(wrappedValue:)' is not available due to missing import of defining module 'Combine'
    @Published var userName = ""
     ^
/Users/simonbakhanets/IdeaProjects/TigeHealthScope/TigeHealthScope/ViewModels/OnboardingViewModel.swift:10:1: note: add import of module 'Combine'

^
/Users/simonbakhanets/IdeaProjects/TigeHealthScope/TigeHealthScope/ViewModels/OnboardingViewModel.swift:14:6: error: initializer 'init(wrappedValue:)' is not available due to missing import of defining module 'Combine'
    @Published var userAge = ""
     ^
/Users/simonbakhanets/IdeaProjects/TigeHealthScope/TigeHealthScope/ViewModels/OnboardingViewModel.swift:10:1: note: add import of module 'Combine'

^
/Users/simonbakhanets/IdeaProjects/TigeHealthScope/TigeHealthScope/ViewModels/OnboardingViewModel.swift:15:6: error: initializer 'init(wrappedValue:)' is not available due to missing import of defining module 'Combine'
    @Published var userEmail = ""
     ^
/Users/simonbakhanets/IdeaProjects/TigeHealthScope/TigeHealthScope/ViewModels/OnboardingViewModel.swift:10:1: note: add import of module 'Combine'

^
/Users/simonbakhanets/IdeaProjects/TigeHealthScope/TigeHealthScope/ViewModels/OnboardingViewModel.swift:16:6: error: initializer 'init(wrappedValue:)' is not available due to missing import of defining module 'Combine'
    @Published var showingError = false
     ^
/Users/simonbakhanets/IdeaProjects/TigeHealthScope/TigeHealthScope/ViewModels/OnboardingViewModel.swift:10:1: note: add import of module 'Combine'

^
/Users/simonbakhanets/IdeaProjects/TigeHealthScope/TigeHealthScope/ViewModels/OnboardingViewModel.swift:17:6: error: initializer 'init(wrappedValue:)' is not available due to missing import of defining module 'Combine'
    @Published var errorMessage = ""
     ^
/Users/simonbakhanets/IdeaProjects/TigeHealthScope/TigeHealthScope/ViewModels/OnboardingViewModel.swift:10:1: note: add import of module 'Combine'

^
/Users/simonbakhanets/IdeaProjects/TigeHealthScope/TigeHealthScope/ViewModels/SymptomTrackerViewModel.swift:11:7: error: type 'SymptomTrackerViewModel' does not conform to protocol 'ObservableObject'
class SymptomTrackerViewModel: ObservableObject {
      ^
/Users/simonbakhanets/IdeaProjects/TigeHealthScope/TigeHealthScope/ViewModels/SymptomTrackerViewModel.swift:11:7: note: add stubs for conformance
class SymptomTrackerViewModel: ObservableObject {
      ^
Combine.ObservableObject.objectWillChange:2:5: note: protocol requires property 'objectWillChange' with type 'Self.ObjectWillChangePublisher'
var objectWillChange: Self.ObjectWillChangePublisher { get }}
    ^
/Users/simonbakhanets/IdeaProjects/TigeHealthScope/TigeHealthScope/ViewModels/SymptomTrackerViewModel.swift:12:6: error: initializer 'init(wrappedValue:)' is not available due to missing import of defining module 'Combine'
    @Published var selectedCategory: SymptomCategory = .headache
     ^
/Users/simonbakhanets/IdeaProjects/TigeHealthScope/TigeHealthScope/ViewModels/SymptomTrackerViewModel.swift:10:1: note: add import of module 'Combine'

^
/Users/simonbakhanets/IdeaProjects/TigeHealthScope/TigeHealthScope/ViewModels/SymptomTrackerViewModel.swift:13:6: error: initializer 'init(wrappedValue:)' is not available due to missing import of defining module 'Combine'
    @Published var selectedSeverity: SymptomSeverity = .mild
     ^
/Users/simonbakhanets/IdeaProjects/TigeHealthScope/TigeHealthScope/ViewModels/SymptomTrackerViewModel.swift:10:1: note: add import of module 'Combine'

^
/Users/simonbakhanets/IdeaProjects/TigeHealthScope/TigeHealthScope/ViewModels/SymptomTrackerViewModel.swift:14:6: error: initializer 'init(wrappedValue:)' is not available due to missing import of defining module 'Combine'
    @Published var notes: String = ""
     ^
/Users/simonbakhanets/IdeaProjects/TigeHealthScope/TigeHealthScope/ViewModels/SymptomTrackerViewModel.swift:10:1: note: add import of module 'Combine'

^
/Users/simonbakhanets/IdeaProjects/TigeHealthScope/TigeHealthScope/ViewModels/SymptomTrackerViewModel.swift:15:6: error: initializer 'init(wrappedValue:)' is not available due to missing import of defining module 'Combine'
    @Published var selectedDate: Date = Date()
     ^
/Users/simonbakhanets/IdeaProjects/TigeHealthScope/TigeHealthScope/ViewModels/SymptomTrackerViewModel.swift:10:1: note: add import of module 'Combine'

^
/Users/simonbakhanets/IdeaProjects/TigeHealthScope/TigeHealthScope/ViewModels/SymptomTrackerViewModel.swift:16:6: error: initializer 'init(wrappedValue:)' is not available due to missing import of defining module 'Combine'
    @Published var duration: String = ""
     ^
/Users/simonbakhanets/IdeaProjects/TigeHealthScope/TigeHealthScope/ViewModels/SymptomTrackerViewModel.swift:10:1: note: add import of module 'Combine'

^
/Users/simonbakhanets/IdeaProjects/TigeHealthScope/TigeHealthScope/ViewModels/SymptomTrackerViewModel.swift:17:6: error: initializer 'init(wrappedValue:)' is not available due to missing import of defining module 'Combine'
    @Published var showingSuccessAlert = false
     ^
/Users/simonbakhanets/IdeaProjects/TigeHealthScope/TigeHealthScope/ViewModels/SymptomTrackerViewModel.swift:10:1: note: add import of module 'Combine'

^

SwiftCompile normal arm64 Compiling\ TigeHealthScopeApp.swift,\ GeneratedAssetSymbols.swift /Users/simonbakhanets/IdeaProjects/TigeHealthScope/TigeHealthScope/TigeHealthScopeApp.swift /Users/simonbakhanets/Library/Developer/Xcode/DerivedData/TigeHealthScope-clrlzxmelccmzsgnwqzvruwgpxod/Build/Intermediates.noindex/TigeHealthScope.build/Debug-iphonesimulator/TigeHealthScope.build/DerivedSources/GeneratedAssetSymbols.swift (in target 'TigeHealthScope' from project 'TigeHealthScope')

** BUILD FAILED **


The following build commands failed:
	SwiftCompile normal arm64 /Users/simonbakhanets/IdeaProjects/TigeHealthScope/TigeHealthScope/Utilities/AppStorageManager.swift (in target 'TigeHealthScope' from project 'TigeHealthScope')
	SwiftCompile normal arm64 Compiling\ HealthInsightsViewModel.swift,\ OnboardingViewModel.swift /Users/simonbakhanets/IdeaProjects/TigeHealthScope/TigeHealthScope/ViewModels/HealthInsightsViewModel.swift /Users/simonbakhanets/IdeaProjects/TigeHealthScope/TigeHealthScope/ViewModels/OnboardingViewModel.swift (in target 'TigeHealthScope' from project 'TigeHealthScope')
	SwiftCompile normal arm64 /Users/simonbakhanets/IdeaProjects/TigeHealthScope/TigeHealthScope/ViewModels/HealthInsightsViewModel.swift (in target 'TigeHealthScope' from project 'TigeHealthScope')
	SwiftCompile normal arm64 /Users/simonbakhanets/IdeaProjects/TigeHealthScope/TigeHealthScope/ViewModels/OnboardingViewModel.swift (in target 'TigeHealthScope' from project 'TigeHealthScope')
	SwiftEmitModule normal arm64 Emitting\ module\ for\ TigeHealthScope (in target 'TigeHealthScope' from project 'TigeHealthScope')
	EmitSwiftModule normal arm64 (in target 'TigeHealthScope' from project 'TigeHealthScope')
	Building project TigeHealthScope with scheme TigeHealthScope
(7 failures)
